Command: /home/saras/.espressif/python_env/idf5.5_py3.12_env/bin/python /home/saras/esp/v5.5.2/esp-idf/tools/idf_monitor.py -p /dev/ttyUSB0 -b 115200 --toolchain-prefix xtensa-esp32-elf- --target esp32 --revision 0 /home/saras/GPS_TO_ROS/esp32/build/esp32_gps.elf /home/saras/GPS_TO_ROS/esp32/build/bootloader/bootloader.elf -m '/home/saras/.espressif/python_env/idf5.5_py3.12_env/bin/python' '/home/saras/esp/v5.5.2/esp-idf/tools/idf.py'
x��: GPS task st�ets Jul 29 2019 12:21:46

rst:0x1 (POWERON_RESET),boot:0x13 (SPI_FAST_FLASH_BOOT)
configsip: 0, SPIWP:0xee
clk_drv:0x00,q_drv:0x00,d_drv:0x00,cs0_drv:0x00,hd_drv:0x00,wp_drv:0x00
mode:DIO, clock div:2
load:0x3fff0030,len:6384
load:0x40078000,len:15916
load:0x40080400,len:3920
entry 0x40080644
[0;32mI (27) boot: ESP-IDF v5.5.2-dirty 2nd stage bootloader[0m
[0;32mI (27) boot: compile time Mar  8 2026 20:23:34[0m
[0;32mI (28) boot: Multicore bootloader[0m
[0;32mI (29) boot: chip revision: v3.1[0m
[0;32mI (32) boot.esp32: SPI Speed      : 40MHz[0m
[0;32mI (36) boot.esp32: SPI Mode       : DIO[0m
[0;32mI (39) boot.esp32: SPI Flash Size : 2MB[0m
[0;32mI (43) boot: Enabling RNG early entropy source...[0m
[0;32mI (47) boot: Partition Table:[0m
[0;32mI (50) boot: ## Label            Usage          Type ST Offset   Length[0m
[0;32mI (56) boot:  0 nvs              WiFi data        01 02 00009000 00006000[0m
[0;32mI (63) boot:  1 phy_init         RF data          01 01 0000f000 00001000[0m
[0;32mI (69) boot:  2 factory          factory app      00 00 00010000 00100000[0m
[0;32mI (76) boot: End of partition table[0m
[0;32mI (79) esp_image: segment 0: paddr=00010020 vaddr=3f400020 size=0b1d4h ( 45524) map[0m
[0;32mI (102) esp_image: segment 1: paddr=0001b1fc vaddr=3ffb0000 size=02548h (  9544) load[0m
[0;32mI (106) esp_image: segment 2: paddr=0001d74c vaddr=40080000 size=028cch ( 10444) load[0m
[0;32mI (110) esp_image: segment 3: paddr=00020020 vaddr=400d0020 size=18214h ( 98836) map[0m
[0;32mI (147) esp_image: segment 4: paddr=0003823c vaddr=400828cc size=0bffch ( 49148) load[0m
[0;32mI (167) esp_image: segment 5: paddr=00044240 vaddr=50000000 size=00020h (    32) load[0m
[0;32mI (174) boot: Loaded app from partition at offset 0x10000[0m
[0;32mI (174) boot: Disabling RNG early entropy source...[0m
[0;32mI (185) cpu_start: Multicore app[0m
[0;32mI (193) cpu_start: GPIO 3 and 1 are used as console UART I/O pins[0m
[0;32mI (193) cpu_start: Pro cpu start user code[0m
[0;32mI (194) cpu_start: cpu freq: 160000000 Hz[0m
[0;32mI (195) app_init: Application information:[0m
[0;32mI (199) app_init: Project name:     esp32_gps[0m
[0;32mI (203) app_init: App version:      69caac2-dirty[0m
[0;32mI (208) app_init: Compile time:     Mar  8 2026 20:23:27[0m
[0;32mI (213) app_init: ELF file SHA256:  005fd5a5c...[0m
[0;32mI (217) app_init: ESP-IDF:          v5.5.2-dirty[0m
[0;32mI (221) efuse_init: Min chip rev:     v0.0[0m
[0;32mI (225) efuse_init: Max chip rev:     v3.99 [0m
[0;32mI (229) efuse_init: Chip rev:         v3.1[0m
[0;32mI (233) heap_init: Initializing. RAM available for dynamic allocation:[0m
[0;32mI (239) heap_init: At 3FFAE6E0 len 00001920 (6 KiB): DRAM[0m
[0;32mI (244) heap_init: At 3FFB2EE0 len 0002D120 (180 KiB): DRAM[0m
[0;32mI (250) heap_init: At 3FFE0440 len 00003AE0 (14 KiB): D/IRAM[0m
[0;32mI (255) heap_init: At 3FFE4350 len 0001BCB0 (111 KiB): D/IRAM[0m
[0;32mI (261) heap_init: At 4008E8C8 len 00011738 (69 KiB): IRAM[0m
[0;33mW (267) spi_flash: Detected boya flash chip but using generic driver. For optimal functionality, enable `SPI_FLASH_SUPPORT_BOYA_CHIP` in menuconfig[0m
[0;32mI (279) spi_flash: detected chip: generic[0m
[0;32mI (282) spi_flash: flash io: dio[0m
[0;33mW (285) spi_flash: Detected size(4096k) larger than the size in the binary image header(2048k). Using the size in the binary image header.[0m
[0;32mI (298) main_task: Started on CPU0[0m
[0;32mI (308) main_task: Calling app_main()[0m
[0;32mI (328) GPS: GPS task started[0m

***ERROR*** A stack overflow in task gps_task has been detected.


Backtrace: 0x40086199:0x3ffb57e0 0x40086161:0x3ffb5800 0x400870aa:0x3ffb5820 0x4008811f:0x3ffb58a0 0x400871b4:0x3ffb58c0 0x40087166:0xa5a5a5a5 |<-CORRUPTED




ELF file SHA256: 005fd5a5c

Rebooting...
ets Jul 29 2019 12:21:46

rst:0xc (SW_CPU_RESET),boot:0x13 (SPI_FAST_FLASH_BOOT)
configsip: 0, SPIWP:0xee
clk_drv:0x00,q_drv:0x00,d_drv:0x00,cs0_drv:0x00,hd_drv:0x00,wp_drv:0x00
mode:DIO, clock div:2
load:0x3fff0030,len:6384
load:0x40078000,len:15916
load:0x40080400,len:3920
entry 0x40080644
[0;32mI (27) boot: ESP-IDF v5.5.2-dirty 2nd stage bootloader[0m
[0;32mI (27) boot: compile time Mar  8 2026 20:23:34[0m
[0;32mI (27) boot: Multicore bootloader[0m
[0;32mI (29) boot: chip revision: v3.1[0m
[0;32mI (32) boot.esp32: SPI Speed      : 40MHz[0m
[0;32mI (36) boot.esp32: SPI Mode       : DIO[0m
[0;32mI (39) boot.esp32: SPI Flash Size : 2MB[0m
[0;32mI (43) boot: Enabling RNG early entropy source...[0m
[0;32mI (47) boot: Partition Table:[0m
[0;32mI (50) boot: ## Label            Usage          Type ST Offset   Length[0m
[0;32mI (56) boot:  0 nvs              WiFi data        01 02 00009000 00006000[0m
[0;32mI (63) boot:  1 phy_init         RF data          01 01 0000f000 00001000[0m
[0;32mI (69) boot:  2 factory          factory app      00 00 00010000 00100000[0m
[0;32mI (76) boot: End of partition table[0m
[0;32mI (79) esp_image: segment 0: paddr=00010020 vaddr=3f400020 size=0b1d4h ( 45524) map[0m
[0;32mI (102) esp_image: segment 1: paddr=0001b1fc vaddr=3ffb0000 size=02548h (  9544) load[0m
[0;32mI (106) esp_image: segment 2: paddr=0001d74c vaddr=40080000 size=028cch ( 10444) load[0m
[0;32mI (110) esp_image: segment 3: paddr=00020020 vaddr=400d0020 size=18214h ( 98836) map[0m
[0;32mI (147) esp_image: segment 4: paddr=0003823c vaddr=400828cc size=0bffch ( 49148) load[0m
[0;32mI (167) esp_image: segment 5: paddr=00044240 vaddr=50000000 size=00020h (    32) load[0m
[0;32mI (174) boot: Loaded app from partition at offset 0x10000[0m
[0;32mI (174) boot: Disabling RNG early entropy source...[0m
[0;32mI (185) cpu_start: Multicore app[0m
[0;32mI (193) cpu_start: GPIO 3 and 1 are used as console UART I/O pins[0m
[0;32mI (193) cpu_start: Pro cpu start user code[0m
[0;32mI (193) cpu_start: cpu freq: 160000000 Hz[0m
[0;32mI (195) app_init: Application information:[0m
[0;32mI (199) app_init: Project name:     esp32_gps[0m
[0;32mI (203) app_init: App version:      69caac2-dirty[0m
[0;32mI (207) app_init: Compile time:     Mar  8 2026 20:23:27[0m
[0;32mI (213) app_init: ELF file SHA256:  005fd5a5c...[0m
[0;32mI (217) app_init: ESP-IDF:          v5.5.2-dirty[0m
[0;32mI (221) efuse_init: Min chip rev:     v0.0[0m
[0;32mI (225) efuse_init: Max chip rev:     v3.99 [0m
[0;32mI (229) efuse_init: Chip rev:         v3.1[0m
[0;32mI (233) heap_init: Initializing. RAM available for dynamic allocation:[0m
[0;32mI (239) heap_init: At 3FFAE6E0 len 00001920 (6 KiB): DRAM[0m
[0;32mI (244) heap_init: At 3FFB2EE0 len 0002D120 (180 KiB): DRAM[0m
[0;32mI (249) heap_init: At 3FFE0440 len 00003AE0 (14 KiB): D/IRAM[0m
[0;32mI (255) heap_init: At 3FFE4350 len 0001BCB0 (111 KiB): D/IRAM[0m
[0;32mI (260) heap_init: At 4008E8C8 len 00011738 (69 KiB): IRAM[0m
[0;33mW (267) spi_flash: Detected boya flash chip but using generic driver. For optimal functionality, enable `SPI_FLASH_SUPPORT_BOYA_CHIP` in menuconfig[0m
[0;32mI (279) spi_flash: detected chip: generic[0m
[0;32mI (282) spi_flash: flash io: dio[0m
[0;33mW (285) spi_flash: Detected size(4096k) larger than the size in the binary image header(2048k). Using the size in the binary image header.[0m
[0;32mI (298) main_task: Started on CPU0[0m
[0;32mI (308) main_task: Calling app_main()[0m
[0;32mI (328) GPS: GPS task started[0m

***ERROR*** A stack overflow in task gps_task has been detected.


Backtrace: 0x40086199:0x3ffb57e0 0x40086161:0x3ffb5800 0x400870aa:0x3ffb5820 0x4008811f:0x3ffb58a0 0x400871b4:0x3ffb58c0 0x40087166:0xa5a5a5a5 |<-CORRUPTED




ELF file SHA256: 005fd5a5c

Rebooting...
ets Jul 29 2019 12:21:46

rst:0xc (SW_CPU_RESET),boot:0x13 (SPI_FAST_FLASH_BOOT)
configsip: 0, SPIWP:0xee
clk_drv:0x00,q_drv:0x00,d_drv:0x00,cs0_drv:0x00,hd_drv:0x00,wp_drv:0x00
mode:DIO, clock div:2
load:0x3fff0030,len:6384
load:0x40078000,len:15916
load:0x40080400,len:3920
entry 0x40080644
[0;32mI (27) boot: ESP-IDF v5.5.2-dirty 2nd stage bootloader[0m
[0;32mI (27) boot: compile time Mar  8 2026 20:23:34[0m
[0;32mI (27) boot: Multicore bootloader[0m
[0;32mI (29) boot: chip revision: v3.1[0m
[0;32mI (32) boot.esp32: SPI Speed      : 40MHz[0m
[0;32mI (36) boot.esp32: SPI Mode       : DIO[0m
[0;32mI (39) boot.esp32: SPI Flash Size : 2MB[0m
[0;32mI (43) boot: Enabling RNG early entropy source...[0m
[0;32mI (47) boot: Partition Table:[0m
[0;32mI (50) boot: ## Label            Usage          Type ST Offset   Length[0m
[0;32mI (56) boot:  0 nvs              WiFi data        01 02 00009000 00006000[0m
[0;32mI (63) boot:  1 phy_init         RF data          01 01 0000f000 00001000[0m
[0;32mI (69) boot:  2 factory          factory app      00 00 00010000 00100000[0m
[0;32mI (76) boot: End of partition table[0m
[0;32mI (79) esp_image: segment 0: paddr=00010020 vaddr=3f400020 size=0b1d4h ( 45524) map[0m
[0;32mI (102) esp_image: segment 1: paddr=0001b1fc vaddr=3ffb0000 size=02548h (  9544) load[0m
[0;32mI (106) esp_image: segment 2: paddr=0001d74c vaddr=40080000 size=028cch ( 10444) load[0m
[0;32mI (110) esp_image: segment 3: paddr=00020020 vaddr=400d0020 size=18214h ( 98836) map[0m
[0;32mI (147) esp_image: segment 4: paddr=0003823c vaddr=400828cc size=0bffch ( 49148) load[0m
[0;32mI (167) esp_image: segment 5: paddr=00044240 vaddr=50000000 size=00020h (    32) load[0m
[0;32mI (174) boot: Loaded app from partition at offset 0x10000[0m
[0;32mI (174) boot: Disabling RNG early entropy source...[0m
[0;32mI (185) cpu_start: Multicore app[0m
[0;32mI (193) cpu_start: GPIO 3 and 1 are used as console UART I/O pins[0m
[0;32mI (193) cpu_start: Pro cpu start user code[0m
[0;32mI (193) cpu_start: cpu freq: 160000000 Hz[0m
[0;32mI (195) app_init: Application information:[0m
[0;32mI (199) app_init: Project name:     esp32_gps[0m
[0;32mI (203) app_init: App version:      69caac2-dirty[0m
[0;32mI (207) app_init: Compile time:     Mar  8 2026 20:23:27[0m
[0;32mI (213) app_init: ELF file SHA256:  005fd5a5c...[0m
[0;32mI (217) app_init: ESP-IDF:          v5.5.2-dirty[0m
[0;32mI (221) efuse_init: Min chip rev:     v0.0[0m
[0;32mI (225) efuse_init: Max chip rev:     v3.99 [0m
[0;32mI (229) efuse_init: Chip rev:         v3.1[0m
[0;32mI (233) heap_init: Initializing. RAM available for dynamic allocation:[0m
[0;32mI (239) heap_init: At 3FFAE6E0 len 00001920 (6 KiB): DRAM[0m
[0;32mI (244) heap_init: At 3FFB2EE0 len 0002D120 (180 KiB): DRAM[0m
[0;32mI (249) heap_init: At 3FFE0440 len 00003AE0 (14 KiB): D/IRAM[0m
[0;32mI (255) heap_init: At 3FFE4350 len 0001BCB0 (111 KiB): D/IRAM[0m
[0;32mI (260) heap_init: At 4008E8C8 len 00011738 (69 KiB): IRAM[0m
[0;33mW (267) spi_flash: Detected boya flash chip but using generic driver. For optimal functionality, enable `SPI_FLASH_SUPPORT_BOYA_CHIP` in menuconfig[0m
[0;32mI (279) spi_flash: detected chip: generic[0m
[0;32mI (282) spi_flash: flash io: dio[0m
[0;33mW (285) spi_flash: Detected size(4096k) larger than the size in the binary image header(2048k). Using the size in the binary image header.[0m
[0;32mI (298) main_task: Started on CPU0[0m
[0;32mI (308) main_task: Calling app_main()[0m
[0;32mI (328) GPS: GPS task started[0m

***ERROR*** A stack overflow in task gps_task has been detected.


Backtrace: 0x40086199:0x3ffb57e0 0x40086161:0x3ffb5800 0x400870aa:0x3ffb5820 0x4008811f:0x3ffb58a0 0x400871b4:0x3ffb58c0 0x40087166:0xa5a5a5a5 |<-CORRUPTED




ELF file SHA256: 005fd5a5c

Rebooting...
ets Jul 29 2019 12:21:46

rst:0xc (SW_CPU_RESET),boot:0x13 (SPI_FAST_FLASH_BOOT)
configsip: 0, SPIWP:0xee
clk_drv:0x00,q_drv:0x00,d_drv:0x00,cs0_drv:0x00,hd_drv:0x00,wp_drv:0x00
mode:DIO, clock div:2
load:0x3fff0030,len:6384
load:0x40078000,len:15916
load:0x40080400,len:3920
entry 0x40080644
[0;32mI (27) boot: ESP-IDF v5.5.2-dirty 2nd stage bootloader[0m
[0;32mI (27) boot: compile time Mar  8 2026 20:23:34[0m
[0;32mI (27) boot: Multicore bootloader[0m
[0;32mI (29) boot: chip revision: v3.1[0m
[0;32mI (32) boot.esp32: SPI Speed      : 40MHz[0m
[0;32mI (36) boot.esp32: SPI Mode       : DIO[0m
[0;32mI (39) boot.esp32: SPI Flash Size : 2MB[0m
[0;32mI (43) boot: Enabling RNG early entropy source...[0m
[0;32mI (47) boot: Partition Table:[0m
[0;32mI (50) boot: ## Label            Usage          Type ST Offset   Length[0m
[0;32mI (56) boot:  0 nvs              WiFi data        01 02 00009000 00006000[0m
[0;32mI (63) boot:  1 phy_init         RF data          01 01 0000f000 00001000[0m
[0;32mI (69) boot:  2 factory          factory app      00 00 00010000 00100000[0m
[0;32mI (76) boot: End of partition table[0m
[0;32mI (79) esp_image: segment 0: paddr=00010020 vaddr=3f400020 size=0b1d4h ( 45524) map[0m
[0;32mI (102) esp_image: segment 1: paddr=0001b1fc vaddr=3ffb0000 size=02548h (  9544) load[0m
[0;32mI (106) esp_image: segment 2: paddr=0001d74c vaddr=40080000 size=028cch ( 10444) load[0m
[0;32mI (110) esp_image: segment 3: paddr=00020020 vaddr=400d0020 size=18214h ( 98836) map[0m
[0;32mI (147) esp_image: segment 4: paddr=0003823c vaddr=400828cc size=0bffch ( 49148) load[0m
[0;32mI (167) esp_image: segment 5: paddr=00044240 vaddr=50000000 size=00020h (    32) load[0m
[0;32mI (174) boot: Loaded app from partition at offset 0x10000[0m
[0;32mI (174) boot: Disabling RNG early entropy source...[0m
[0;32mI (185) cpu_start: Multicore app[0m
[0;32mI (193) cpu_start: GPIO 3 and 1 are used as console UART I/O pins[0m
[0;32mI (193) cpu_start: Pro cpu start user code[0m
[0;32mI (193) cpu_start: cpu freq: 160000000 Hz[0m
[0;32mI (195) app_init: Application information:[0m
[0;32mI (199) app_init: Project name:     esp32_gps[0m
[0;32mI (203) app_init: App version:      69caac2-dirty[0m
[0;32mI (207) app_init: Compile time:     Mar  8 2026 20:23:27[0m
[0;32mI (213) app_init: ELF file SHA256:  005fd5a5c...[0m
[0;32mI (217) app_init: ESP-IDF:          v5.5.2-dirty[0m
[0;32mI (221) efuse_init: Min chip rev:     v0.0[0m
[0;32mI (225) efuse_init: Max chip rev:     v3.99 [0m
[0;32mI (229) efuse_init: Chip rev:         v3.1[0m
[0;32mI (233) heap_init: Initializing. RAM available for dynamic allocation:[0m
[0;32mI (239) heap_init: At 3FFAE6E0 len 00001920 (6 KiB): DRAM[0m
[0;32mI (244) heap_init: At 3FFB2EE0 len 0002D120 (180 KiB): DRAM[0m
[0;32mI (249) heap_init: At 3FFE0440 len 00003AE0 (14 KiB): D/IRAM[0m
[0;32mI (255) heap_init: At 3FFE4350 len 0001BCB0 (111 KiB): D/IRAM[0m
[0;32mI (260) heap_init: At 4008E8C8 len 00011738 (69 KiB): IRAM[0m
[0;33mW (267) spi_flash: Detected boya flash chip but using generic driver. For optimal functionality, enable `SPI_FLASH_SUPPORT_BOYA_CHIP` in menuconfig[0m
[0;32mI (279) spi_flash: detected chip: generic[0m
[0;32mI (282) spi_flash: flash io: dio[0m
[0;33mW (285) spi_flash: Detected size(4096k) larger than the size in the binary image header(2048k). Using the size in the binary image header.[0m
[0;32mI (298) main_task: Started on CPU0[0m
[0;32mI (308) main_task: Calling app_main()[0m
[0;32mI (328) GPS: GPS task started[0m

***ERROR*** A stack overflow in task gps_task has been detected.


Backtrace: 0x40086199:0x3ffb57e0 0x40086161:0x3ffb5800 0x400870aa:0x3ffb5820 0x4008811f:0x3ffb58a0 0x400871b4:0x3ffb58c0 0x40087166:0xa5a5a5a5 |<-CORRUPTED




ELF file SHA256: 005fd5a5c

Rebooting...
ets Jul 29 2019 12:21:46

rst:0xc (SW_CPU_RESET),boot:0x13 (SPI_FAST_FLASH_BOOT)
configsip: 0, SPIWP:0xee
clk_drv:0x00,q_drv:0x00,d_drv:0x00,cs0_drv:0x00,hd_drv:0x00,wp_drv:0x00
mode:DIO, clock div:2
load:0x3fff0030,len:6384
load:0x40078000,len:15916
load:0x40080400,len:3920
entry 0x40080644
[0;32mI (27) boot: ESP-IDF v5.5.2-dirty 2nd stage bootloader[0m
[0;32mI (27) boot: compile time Mar  8 2026 20:23:34[0m
[0;32mI (27) boot: Multicore bootloader[0m
[0;32mI (29) boot: chip revision: v3.1[0m
[0;32mI (32) boot.esp32: SPI Speed      : 40MHz[0m
[0;32mI (36) boot.esp32: SPI Mode       : DIO[0m
[0;32mI (39) boot.esp32: SPI Flash Size : 2MB[0m
[0;32mI (43) boot: Enabling RNG early entropy source...[0m
[0;32mI (47) boot: Partition Table:[0m
[0;32mI (50) boot: ## Label            Usage          Type ST Offset   Length[0m
[0;32mI (56) boot:  0 nvs              WiFi data        01 02 00009000 00006000[0m
[0;32mI (63) boot:  1 phy_init         RF data          01 01 0000f000 00001000[0m
[0;32mI (69) boot:  2 factory          factory app      00 00 00010000 00100000[0m
[0;32mI (76) boot: End of partition table[0m
[0;32mI (79) esp_image: segment 0: paddr=00010020 vaddr=3f400020 size=0b1d4h ( 45524) map[0m
[0;32mI (102) esp_image: segment 1: paddr=0001b1fc vaddr=3ffb0000 size=02548h (  9544) load[0m
[0;32mI (106) esp_image: segment 2: paddr=0001d74c vaddr=40080000 size=028cch ( 10444) load[0m
[0;32mI (110) esp_image: segment 3: paddr=00020020 vaddr=400d0020 size=18214h ( 98836) map[0m
[0;32mI (147) esp_image: segment 4: paddr=0003823c vaddr=400828cc size=0bffch ( 49148) load[0m
[0;32mI (167) esp_image: segment 5: paddr=00044240 vaddr=50000000 size=00020h (    32) load[0m
[0;32mI (174) boot: Loaded app from partition at offset 0x10000[0m
[0;32mI (174) boot: Disabling RNG early entropy source...[0m
[0;32mI (185) cpu_start: Multicore app[0m
[0;32mI (193) cpu_start: GPIO 3 and 1 are used as console UART I/O pins[0m
[0;32mI (193) cpu_start: Pro cpu start user code[0m
[0;32mI (193) cpu_start: cpu freq: 160000000 Hz[0m
[0;32mI (195) app_init: Application information:[0m
[0;32mI (199) app_init: Project name:     esp32_gps[0m
[0;32mI (203) app_init: App version:      69caac2-dirty[0m
[0;32mI (207) app_init: Compile time:     Mar  8 2026 20:23:27[0m
[0;32mI (213) app_init: ELF file SHA256:  005fd5a5c...[0m
[0;32mI (217) app_init: ESP-IDF:          v5.5.2-dirty[0m
[0;32mI (221) efuse_init: Min chip rev:     v0.0[0m
[0;32mI (225) efuse_init: Max chip rev:     v3.99 [0m
[0;32mI (229) efuse_init: Chip rev:         v3.1[0m
[0;32mI (233) heap_init: Initializing. RAM available for dynamic allocation:[0m
[0;32mI (239) heap_init: At 3FFAE6E0 len 00001920 (6 KiB): DRAM[0m
[0;32mI (244) heap_init: At 3FFB2EE0 len 0002D120 (180 KiB): DRAM[0m
[0;32mI (249) heap_init: At 3FFE0440 len 00003AE0 (14 KiB): D/IRAM[0m
[0;32mI (255) heap_init: At 3FFE4350 len 0001BCB0 (111 KiB): D/IRAM[0m
[0;32mI (260) heap_init: At 4008E8C8 len 00011738 (69 KiB): IRAM[0m
[0;33mW (267) spi_flash: Detected boya flash chip but using generic driver. For optimal functionality, enable `SPI_FLASH_SUPPORT_BOYA_CHIP` in menuconfig[0m
[0;32mI (279) spi_flash: detected chip: generic[0m
[0;32mI (282) spi_flash: flash io: dio[0m
[0;33mW (285) spi_flash: Detected size(4096k) larger than the size in the binary image header(2048k). Using the size in the binary image header.[0m
[0;32mI (298) main_task: Started on CPU0[0m
[0;32mI (308) main_task: Calling app_main()[0m
[0;32mI (328) GPS: GPS task started[0m

***ERROR*** A stack overflow in task gps_task has been detected.


Backtrace: 0x40086199:0x3ffb57e0 0x40086161:0x3ffb5800 0x400870aa:0x3ffb5820 0x4008811f:0x3ffb58a0 0x400871b4:0x3ffb58c0 0x40087166:0xa5a5a5a5 |<-CORRUPTED




ELF file SHA256: 005fd5a5c

Rebooting...
ets Jul 29 2019 12:21:46

rst:0xc (SW_CPU_RESET),boot:0x13 (SPI_FAST_FLASH_BOOT)
configsip: 0, SPIWP:0xee
clk_drv:0x00,q_drv:0x00,d_drv:0x00,cs0_drv:0x00,hd_drv:0x00,wp_drv:0x00
mode:DIO, clock div:2
load:0x3fff0030,len:6384
load:0x40078000,len:15916
load:0x40080400,len:3920
entry 0x40080644
[0;32mI (27) boot: ESP-IDF v5.5.2-dirty 2nd stage bootloader[0m
[0;32mI (27) boot: compile time Mar  8 2026 20:23:34[0m
[0;32mI (27) boot: Multicore bootloader[0m
[0;32mI (29) boot: chip revision: v3.1[0m
[0;32mI (32) boot.esp32: SPI Speed      : 40MHz[0m
[0;32mI (36) boot.esp32: SPI Mode       : DIO[0m
[0;32mI (39) boot.esp32: SPI Flash Size : 2MB[0m
[0;32mI (43) boot: Enabling RNG early entropy source...[0m
[0;32mI (47) boot: Partition Table:[0m
[0;32mI (50) boot: ## Label            Usage          Type ST Offset   Length[0m
[0;32mI (56) boot:  0 nvs              WiFi data        01 02 00009000 00006000[0m
[0;32mI (63) boot:  1 phy_init         RF data          01 01 0000f000 00001000[0m
[0;32mI (69) boot:  2 factory          factory app      00 00 00010000 00100000[0m
[0;32mI (76) boot: End of partition table[0m
[0;32mI (79) esp_image: segment 0: paddr=00010020 vaddr=3f400020 size=0b1d4h ( 45524) map[0m
[0;32mI (102) esp_image: segment 1: paddr=0001b1fc vaddr=3ffb0000 size=02548h (  9544) load[0m
[0;32mI (106) esp_image: segment 2: paddr=0001d74c vaddr=40080000 size=028cch ( 10444) load[0m
[0;32mI (110) esp_image: segment 3: paddr=00020020 vaddr=400d0020 size=18214h ( 98836) map[0m
[0;32mI (147) esp_image: segment 4: paddr=0003823c vaddr=400828cc size=0bffch ( 49148) load[0m
[0;32mI (167) esp_image: segment 5: paddr=00044240 vaddr=50000000 size=00020h (    32) load[0m
[0;32mI (174) boot: Loaded app from partition at offset 0x10000[0m
[0;32mI (174) boot: Disabling RNG early entropy source...[0m
[0;32mI (185) cpu_start: Multicore app[0m
[0;32mI (193) cpu_start: GPIO 3 and 1 are used as console UART I/O pins[0m
[0;32mI (193) cpu_start: Pro cpu start user code[0m
[0;32mI (193) cpu_start: cpu freq: 160000000 Hz[0m
[0;32mI (195) app_init: Application information:[0m
[0;32mI (199) app_init: Project name:     esp32_gps[0m
[0;32mI (203) app_init: App version:      69caac2-dirty[0m
[0;32mI (207) app_init: Compile time:     Mar  8 2026 20:23:27[0m
[0;32mI (213) app_init: ELF file SHA256:  005fd5a5c...[0m
[0;32mI (217) app_init: ESP-IDF:          v5.5.2-dirty[0m
[0;32mI (221) efuse_init: Min chip rev:     v0.0[0m
[0;32mI (225) efuse_init: Max chip rev:     v3.99 [0m
[0;32mI (229) efuse_init: Chip rev:         v3.1[0m
[0;32mI (233) heap_init: Initializing. RAM available for dynamic allocation:[0m
[0;32mI (239) heap_init: At 3FFAE6E0 len 00001920 (6 KiB): DRAM[0m
[0;32mI (244) heap_init: At 3FFB2EE0 len 0002D120 (180 KiB): DRAM[0m
[0;32mI (249) heap_init: At 3FFE0440 len 00003AE0 (14 KiB): D/IRAM[0m
[0;32mI (255) heap_init: At 3FFE4350 len 0001BCB0 (111 KiB): D/IRAM[0m
[0;32mI (260) heap_init: At 4008E8C8 len 00011738 (69 KiB): IRAM[0m
[0;33mW (267) spi_flash: Detected boya flash chip but using generic driver. For optimal functionality, enable `SPI_FLASH_SUPPORT_BOYA_CHIP` in menuconfig[0m
[0;32mI (279) spi_flash: detected chip: generic[0m
[0;32mI (282) spi_flash: flash io: dio[0m
[0;33mW (285) spi_flash: Detected size(4096k) larger than the size in the binary image header(2048k). Using the size in the binary image header.[0m
[0;32mI (298) main_task: Started on CPU0[0m
[0;32mI (308) main_task: Calling app_main()[0m
[0;32mI (328) GPS: GPS task started[0m

***ERROR*** A stack overflow in task gps_task has been detected.


Backtrace: 0x40086199:0x3ffb57e0 0x40086161:0x3ffb5800 0x400870aa:0x3ffb5820 0x4008811f:0x3ffb58a0 0x400871b4:0x3ffb58c0 0x40087166:0xa5a5a5a5 |<-CORRUPTED




ELF file SHA256: 005fd5a5c

Rebooting...
ets Jul 29 2019 12:21:46

rst:0xc (SW_CPU_RESET),boot:0x13 (SPI_FAST_FLASH_BOOT)
configsip: 0, SPIWP:0xee
clk_drv:0x00,q_drv:0x00,d_drv:0x00,cs0_drv:0x00,hd_drv:0x00,wp_drv:0x00
mode:DIO, clock div:2
load:0x3fff0030,len:6384
load:0x40078000,len:15916
load:0x40080400,len:3920
entry 0x40080644
[0;32mI (27) boot: ESP-IDF v5.5.2-dirty 2nd stage bootloader[0m
[0;32mI (27) boot: compile time Mar  8 2026 20:23:34[0m
[0;32mI (27) boot: Multicore bootloader[0m
[0;32mI (29) boot: chip revision: v3.1[0m
[0;32mI (32) boot.esp32: SPI Speed      : 40MHz[0m
[0;32mI (36) boot.esp32: SPI Mode       : DIO[0m
[0;32mI (39) boot.esp32: SPI Flash Size : 2MB[0m
[0;32mI (43) boot: Enabling RNG early entropy source...[0m
[0;32mI (47) boot: Partition Table:[0m
[0;32mI (50) boot: ## Label            Usage          Type ST Offset   Length[0m
[0;32mI (56) boot:  0 nvs              WiFi data        01 02 00009000 00006000[0m
[0;32mI (63) boot:  1 phy_init         RF data          01 01 0000f000 00001000[0m
[0;32mI (69) boot:  2 factory          factory app      00 00 00010000 00100000[0m
[0;32mI (76) boot: End of partition table[0m
[0;32mI (79) esp_image: segment 0: paddr=00010020 vaddr=3f400020 size=0b1d4h ( 45524) map[0m
[0;32mI (102) esp_image: segment 1: paddr=0001b1fc vaddr=3ffb0000 size=02548h (  9544) load[0m
[0;32mI (106) esp_image: segment 2: paddr=0001d74c vaddr=40080000 size=028cch ( 10444) load[0m
[0;32mI (110) esp_image: segment 3: paddr=00020020 vaddr=400d0020 size=18214h ( 98836) map[0m
[0;32mI (147) esp_image: segment 4: paddr=0003823c vaddr=400828cc size=0bffch ( 49148) load[0m
[0;32mI (167) esp_image: segment 5: paddr=00044240 vaddr=50000000 size=00020h (    32) load[0m
[0;32mI (174) boot: Loaded app from partition at offset 0x10000[0m
[0;32mI (174) boot: Disabling RNG early entropy source...[0m
[0;32mI (185) cpu_start: Multicore app[0m
[0;32mI (193) cpu_start: GPIO 3 and 1 are used as console UART I/O pins[0m
[0;32mI (193) cpu_start: Pro cpu start user code[0m
[0;32mI (193) cpu_start: cpu freq: 160000000 Hz[0m
[0;32mI (195) app_init: Application information:[0m
[0;32mI (199) app_init: Project name:     esp32_gps[0m
[0;32mI (203) app_init: App version:      69caac2-dirty[0m
[0;32mI (207) app_init: Compile time:     Mar  8 2026 20:23:27[0m
[0;32mI (213) app_init: ELF file SHA256:  005fd5a5c...[0m
[0;32mI (217) app_init: ESP-IDF:          v5.5.2-dirty[0m
[0;32mI (221) efuse_init: Min chip rev:     v0.0[0m
[0;32mI (225) efuse_init: Max chip rev:     v3.99 [0m
[0;32mI (229) efuse_init: Chip rev:         v3.1[0m
[0;32mI (233) heap_init: Initializing. RAM available for dynamic allocation:[0m
[0;32mI (239) heap_init: At 3FFAE6E0 len 00001920 (6 KiB): DRAM[0m
[0;32mI (244) heap_init: At 3FFB2EE0 len 0002D120 (180 KiB): DRAM[0m
[0;32mI (249) heap_init: At 3FFE0440 len 00003AE0 (14 KiB): D/IRAM[0m
[0;32mI (255) heap_init: At 3FFE4350 len 0001BCB0 (111 KiB): D/IRAM[0m
[0;32mI (260) heap_init: At 4008E8C8 len 00011738 (69 KiB): IRAM[0m
[0;33mW (267) spi_flash: Detected boya flash chip but using generic driver. For optimal functionality, enable `SPI_FLASH_SUPPORT_BOYA_CHIP` in menuconfig[0m
[0;32mI (279) spi_flash: detected chip: generic[0m
[0;32mI (282) spi_flash: flash io: dio[0m
[0;33mW (285) spi_flash: Detected size(4096k) larger than the size in the binary image header(2048k). Using the size in the binary image header.[0m
[0;32mI (298) main_task: Started on CPU0[0m
[0;32mI (308) main_task: Calling app_main()[0m
[0;32mI (328) GPS: GPS task started[0m

***ERROR*** A stack overflow in task gps_task has been detected.


Backtrace: 0x40086199:0x3ffb57e0 0x40086161:0x3ffb5800 0x400870aa:0x3ffb5820 0x4008811f:0x3ffb58a0 0x400871b4:0x3ffb58c0 0x40087166:0xa5a5a5a5 |<-CORRUPTED




ELF file SHA256: 005fd5a5c

Rebooting...
ets Jul 29 2019 12:21:46

rst:0xc (SW_CPU_RESET),boot:0x13 (SPI_FAST_FLASH_BOOT)
configsip: 0, SPIWP:0xee
clk_drv:0x00,q_drv:0x00,d_drv:0x00,cs0_drv:0x00,hd_drv:0x00,wp_drv:0x00
mode:DIO, clock div:2
load:0x3fff0030,len:6384
load:0x40078000,len:15916
load:0x40080400,len:3920
entry 0x40080644
[0;32mI (27) boot: ESP-IDF v5.5.2-dirty 2nd stage bootloader[0m
[0;32mI (27) boot: compile time Mar  8 2026 20:23:34[0m
[0;32mI (27) boot: Multicore bootloader[0m
[0;32mI (29) boot: chip revision: v3.1[0m
[0;32mI (32) boot.esp32: SPI Speed      : 40MHz[0m
[0;32mI (36) boot.esp32: SPI Mode       : DIO[0m
[0;32mI (39) boot.esp32: SPI Flash Size : 2MB[0m
[0;32mI (43) boot: Enabling RNG early entropy source...[0m
[0;32mI (47) boot: Partition Table:[0m
[0;32mI (50) boot: ## Label            Usage          Type ST Offset   Length[0m
[0;32mI (56) boot:  0 nvs              WiFi data        01 02 00009000 00006000[0m
[0;32mI (63) boot:  1 phy_init         RF data          01 01 0000f000 00001000[0m
[0;32mI (69) boot:  2 factory          factory app      00 00 00010000 00100000[0m
[0;32mI (76) boot: End of partition table[0m
[0;32mI (79) esp_image: segment 0: paddr=00010020 vaddr=3f400020 size=0b1d4h ( 45524) map[0m
[0;32mI (102) esp_image: segment 1: paddr=0001b1fc vaddr=3ffb0000 size=02548h (  9544) load[0m
[0;32mI (106) esp_image: segment 2: paddr=0001d74c vaddr=40080000 size=028cch ( 10444) load[0m
[0;32mI (110) esp_image: segment 3: paddr=00020020 vaddr=400d0020 size=18214h ( 98836) map[0m
[0;32mI (147) esp_image: segment 4: paddr=0003823c vaddr=400828cc size=0bffch ( 49148) load[0m
[0;32mI (167) esp_image: segment 5: paddr=00044240 vaddr=50000000 size=00020h (    32) load[0m
[0;32mI (174) boot: Loaded app from partition at offset 0x10000[0m
[0;32mI (174) boot: Disabling RNG early entropy source...[0m
[0;32mI (185) cpu_start: Multicore app[0m
[0;32mI (193) cpu_start: GPIO 3 and 1 are used as console UART I/O pins[0m
[0;32mI (193) cpu_start: Pro cpu start user code[0m
[0;32mI (193) cpu_start: cpu freq: 160000000 Hz[0m
[0;32mI (195) app_init: Application information:[0m
[0;32mI (199) app_init: Project name:     esp32_gps[0m
[0;32mI (203) app_init: App version:      69caac2-dirty[0m
[0;32mI (207) app_init: Compile time:     Mar  8 2026 20:23:27[0m
[0;32mI (213) app_init: ELF file SHA256:  005fd5a5c...[0m
[0;32mI (217) app_init: ESP-IDF:          v5.5.2-dirty[0m
[0;32mI (221) efuse_init: Min chip rev:     v0.0[0m
[0;32mI (225) efuse_init: Max chip rev:     v3.99 [0m
[0;32mI (229) efuse_init: Chip rev:         v3.1[0m
[0;32mI (233) heap_init: Initializing. RAM available for dynamic allocation:[0m
[0;32mI (239) heap_init: At 3FFAE6E0 len 00001920 (6 KiB): DRAM[0m
[0;32mI (244) heap_init: At 3FFB2EE0 len 0002D120 (180 KiB): DRAM[0m
[0;32mI (249) heap_init: At 3FFE0440 len 00003AE0 (14 KiB): D/IRAM[0m
[0;32mI (255) heap_init: At 3FFE4350 len 0001BCB0 (111 KiB): D/IRAM[0m
[0;32mI (260) heap_init: At 4008E8C8 len 00011738 (69 KiB): IRAM[0m
[0;33mW (267) spi_flash: Detected boya flash chip but using generic driver. For optimal functionality, enable `SPI_FLASH_SUPPORT_BOYA_CHIP` in menuconfig[0m
[0;32mI (279) spi_flash: detected chip: generic[0m
[0;32mI (282) spi_flash: flash io: dio[0m
[0;33mW (285) spi_flash: Detected size(4096k) larger than the size in the binary image header(2048k). Using the size in the binary image header.[0m
[0;32mI (298) main_task: Started on CPU0[0m
[0;32mI (308) main_task: Calling app_main()[0m
[0;32mI (328) GPS: GPS task started[0m

***ERROR*** A stack overflow in task gps_task has been detected.


Backtrace: 0x40086199:0x3ffb57e0 0x40086161:0x3ffb5800 0x400870aa:0x3ffb5820 0x4008811f:0x3ffb58a0 0x400871b4:0x3ffb58c0 0x40087166:0xa5a5a5a5 |<-CORRUPTED




ELF file SHA256: 005fd5a5c

Rebooting...
ets Jul 29 2019 12:21:46

rst:0xc (SW_CPU_RESET),boot:0x13 (SPI_FAST_FLASH_BOOT)
configsip: 0, SPIWP:0xee
clk_drv:0x00,q_drv:0x00,d_drv:0x00,cs0_drv:0x00,hd_drv:0x00,wp_drv:0x00
mode:DIO, clock div:2
load:0x3fff0030,len:6384
load:0x40078000,len:15916
load:0x40080400,len:3920
entry 0x40080644
[0;32mI (27) boot: ESP-IDF v5.5.2-dirty 2nd stage bootloader[0m
[0;32mI (27) boot: compile time Mar  8 2026 20:23:34[0m
[0;32mI (27) boot: Multicore bootloader[0m
[0;32mI (29) boot: chip revision: v3.1[0m
[0;32mI (32) boot.esp32: SPI Speed      : 40MHz[0m
[0;32mI (36) boot.esp32: SPI Mode       : DIO[0m
[0;32mI (39) boot.esp32: SPI Flash Size : 2MB[0m
[0;32mI (43) boot: Enabling RNG early entropy source...[0m
[0;32mI (47) boot: Partition Table:[0m
[0;32mI (50) boot: ## Label            Usage          Type ST Offset   Length[0m
[0;32mI (56) boot:  0 nvs              WiFi data        01 02 00009000 00006000[0m
[0;32mI (63) boot:  1 phy_init         RF data          01 01 0000f000 00001000[0m
[0;32mI (69) boot:  2 factory          factory app      00 00 00010000 00100000[0m
[0;32mI (76) boot: End of partition table[0m
[0;32mI (79) esp_image: segment 0: paddr=00010020 vaddr=3f400020 size=0b1d4h ( 45524) map[0m
[0;32mI (102) esp_image: segment 1: paddr=0001b1fc vaddr=3ffb0000 size=02548h (  9544) load[0m
[0;32mI (106) esp_image: segment 2: paddr=0001d74c vaddr=40080000 size=028cch ( 10444) load[0m
[0;32mI (110) esp_image: segment 3: paddr=00020020 vaddr=400d0020 size=18214h ( 98836) map[0m
[0;32mI (147) esp_image: segment 4: paddr=0003823c vaddr=400828cc size=0bffch ( 49148) load[0m
[0;32mI (167) esp_image: segment 5: paddr=00044240 vaddr=50000000 size=00020h (    32) load[0m
[0;32mI (174) boot: Loaded app from partition at offset 0x10000[0m
[0;32mI (174) boot: Disabling RNG early entropy source...[0m
[0;32mI (185) cpu_start: Multicore app[0m
[0;32mI (193) cpu_start: GPIO 3 and 1 are used as console UART I/O pins[0m
[0;32mI (193) cpu_start: Pro cpu start user code[0m
[0;32mI (193) cpu_start: cpu freq: 160000000 Hz[0m
[0;32mI (195) app_init: Application information:[0m
[0;32mI (199) app_init: Project name:     esp32_gps[0m
[0;32mI (203) app_init: App version:      69caac2-dirty[0m
[0;32mI (207) app_init: Compile time:     Mar  8 2026 20:23:27[0m
[0;32mI (213) app_init: ELF file SHA256:  005fd5a5c...[0m
[0;32mI (217) app_init: ESP-IDF:          v5.5.2-dirty[0m
[0;32mI (221) efuse_init: Min chip rev:     v0.0[0m
[0;32mI (225) efuse_init: Max chip rev:     v3.99 [0m
[0;32mI (229) efuse_init: Chip rev:         v3.1[0m
[0;32mI (233) heap_init: Initializing. RAM available for dynamic allocation:[0m
[0;32mI (239) heap_init: At 3FFAE6E0 len 00001920 (6 KiB): DRAM[0m
[0;32mI (244) heap_init: At 3FFB2EE0 len 0002D120 (180 KiB): DRAM[0m
[0;32mI (249) heap_init: At 3FFE0440 len 00003AE0 (14 KiB): D/IRAM[0m
[0;32mI (255) heap_init: At 3FFE4350 len 0001BCB0 (111 KiB): D/IRAM[0m
[0;32mI (260) heap_init: At 4008E8C8 len 00011738 (69 KiB): IRAM[0m
[0;33mW (267) spi_flash: Detected boya flash chip but using generic driver. For optimal functionality, enable `SPI_FLASH_SUPPORT_BOYA_CHIP` in menuconfig[0m
[0;32mI (279) spi_flash: detected chip: generic[0m
[0;32mI (282) spi_flash: flash io: dio[0m
[0;33mW (285) spi_flash: Detected size(4096k) larger than the size in the binary image header(2048k). Using the size in the binary image header.[0m
[0;32mI (298) main_task: Started on CPU0[0m
[0;32mI (308) main_task: Calling app_main()[0m
[0;32mI (328) GPS: GPS task started[0m

***ERROR*** A stack overflow in task gps_task has been detected.


Backtrace: 0x40086199:0x3ffb57e0 0x40086161:0x3ffb5800 0x400870aa:0x3ffb5820 0x4008811f:0x3ffb58a0 0x400871b4:0x3ffb58c0 0x40087166:0xa5a5a5a5 |<-CORRUPTED




ELF file SHA256: 005fd5a5c

Rebooting...
ets Jul 29 2019 12:21:46

rst:0xc (SW_CPU_RESET),boot:0x13 (SPI_FAST_FLASH_BOOT)
configsip: 0, SPIWP:0xee
clk_drv:0x00,q_drv:0x00,d_drv:0x00,cs0_drv:0x00,hd_drv:0x00,wp_drv:0x00
mode:DIO, clock div:2
load:0x3fff0030,len:6384
load:0x40078000,len:15916
load:0x40080400,len:3920
entry 0x40080644
[0;32mI (27) boot: ESP-IDF v5.5.2-dirty 2nd stage bootloader[0m
[0;32mI (27) boot: compile time Mar  8 2026 20:23:34[0m
[0;32mI (27) boot: Multicore bootloader[0m
[0;32mI (29) boot: chip revision: v3.1[0m
[0;32mI (32) boot.esp32: SPI Speed      : 40MHz[0m
[0;32mI (36) boot.esp32: SPI Mode       : DIO[0m
[0;32mI (39) boot.esp32: SPI Flash Size : 2MB[0m
[0;32mI (43) boot: Enabling RNG early entropy source...[0m
[0;32mI (47) boot: Partition Table:[0m
[0;32mI (50) boot: ## Label            Usage          Type ST Offset   Length[0m
[0;32mI (56) boot:  0 nvs              WiFi data        01 02 00009000 00006000[0m
[0;32mI (63) boot:  1 phy_init         RF data          01 01 0000f000 00001000[0m
[0;32mI (69) boot:  2 factory          factory app      00 00 00010000 00100000[0m
[0;32mI (76) boot: End of partition table[0m
[0;32mI (79) esp_image: segment 0: paddr=00010020 vaddr=3f400020 size=0b1d4h ( 45524) map[0m
[0;32mI (102) esp_image: segment 1: paddr=0001b1fc vaddr=3ffb0000 size=02548h (  9544) load[0m
[0;32mI (106) esp_image: segment 2: paddr=0001d74c vaddr=40080000 size=028cch ( 10444) load[0m
[0;32mI (110) esp_image: segment 3: paddr=00020020 vaddr=400d0020 size=18214h ( 98836) map[0m
[0;32mI (147) esp_image: segment 4: paddr=0003823c vaddr=400828cc size=0bffch ( 49148) load[0m
[0;32mI (167) esp_image: segment 5: paddr=00044240 vaddr=50000000 size=00020h (    32) load[0m
[0;32mI (174) boot: Loaded app from partition at offset 0x10000[0m
[0;32mI (174) boot: Disabling RNG early entropy source...[0m
[0;32mI (185) cpu_start: Multicore app[0m
[0;32mI (193) cpu_start: GPIO 3 and 1 are used as console UART I/O pins[0m
[0;32mI (193) cpu_start: Pro cpu start user code[0m
[0;32mI (193) cpu_start: cpu freq: 160000000 Hz[0m
[0;32mI (195) app_init: Application information:[0m
[0;32mI (199) app_init: Project name:     esp32_gps[0m
[0;32mI (203) app_init: App version:      69caac2-dirty[0m
[0;32mI (207) app_init: Compile time:     Mar  8 2026 20:23:27[0m
[0;32mI (213) app_init: ELF file SHA256:  005fd5a5c...[0m
[0;32mI (217) app_init: ESP-IDF:          v5.5.2-dirty[0m
[0;32mI (221) efuse_init: Min chip rev:     v0.0[0m
[0;32mI (225) efuse_init: Max chip rev:     v3.99 [0m
[0;32mI (229) efuse_init: Chip rev:         v3.1[0m
[0;32mI (233) heap_init: Initializing. RAM available for dynamic allocation:[0m
[0;32mI (239) heap_init: At 3FFAE6E0 len 00001920 (6 KiB): DRAM[0m
[0;32mI (244) heap_init: At 3FFB2EE0 len 0002D120 (180 KiB): DRAM[0m
[0;32mI (249) heap_init: At 3FFE0440 len 00003AE0 (14 KiB): D/IRAM[0m
[0;32mI (255) heap_init: At 3FFE4350 len 0001BCB0 (111 KiB): D/IRAM[0m
[0;32mI (260) heap_init: At 4008E8C8 len 00011738 (69 KiB): IRAM[0m
[0;33mW (267) spi_flash: Detected boya flash chip but using generic driver. For optimal functionality, enable `SPI_FLASH_SUPPORT_BOYA_CHIP` in menuconfig[0m
[0;32mI (279) spi_flash: detected chip: generic[0m
[0;32mI (282) spi_flash: flash io: dio[0m
[0;33mW (285) spi_flash: Detected size(4096k) larger than the size in the binary image header(2048k). Using the size in the binary image header.[0m
[0;32mI (298) main_task: Started on CPU0[0m
[0;32mI (308) main_task: Calling app_main()[0m
[0;32mI (328) GPS: GPS task started[0m

***ERROR*** A stack overflow in task gps_task has been detected.


Backtrace: 0x40086199:0x3ffb57e0 0x40086161:0x3ffb5800 0x400870aa:0x3ffb5820 0x4008811f:0x3ffb58a0 0x400871b4:0x3ffb58c0 0x40087166:0xa5a5a5a5 |<-CORRUPTED




ELF file SHA256: 005fd5a5c

Rebooting...
ets Jul 29 2019 12:21:46

rst:0xc (SW_CPU_RESET),boot:0x13 (SPI_FAST_FLASH_BOOT)
configsip: 0, SPIWP:0xee
clk_drv:0x00,q_drv:0x00,d_drv:0x00,cs0_drv:0x00,hd_drv:0x00,wp_drv:0x00
mode:DIO, clock div:2
load:0x3fff0030,len:6384
load:0x40078000,len:15916
load:0x40080400,len:3920
entry 0x40080644
[0;32mI (27) boot: ESP-IDF v5.5.2-dirty 2nd stage bootloader[0m
[0;32mI (27) boot: compile time Mar  8 2026 20:23:34[0m
[0;32mI (27) boot: Multicore bootloader[0m
[0;32mI (29) boot: chip revision: v3.1[0m
[0;32mI (32) boot.esp32: SPI Speed      : 40MHz[0m
[0;32mI (36) boot.esp32: SPI Mode       : DIO[0m
[0;32mI (39) boot.esp32: SPI Flash Size : 2MB[0m
[0;32mI (43) boot: Enabling RNG early entropy source...[0m
[0;32mI (47) boot: Partition Table:[0m
[0;32mI (50) boot: ## Label            Usage          Type ST Offset   Length[0m
[0;32mI (56) boot:  0 nvs              WiFi data        01 02 00009000 00006000[0m
[0;32mI (63) boot:  1 phy_init         RF data          01 01 0000f000 00001000[0m
[0;32mI (69) boot:  2 factory          factory app      00 00 00010000 00100000[0m
[0;32mI (76) boot: End of partition table[0m
[0;32mI (79) esp_image: segment 0: paddr=00010020 vaddr=3f400020 size=0b1d4h ( 45524) map[0m
[0;32mI (102) esp_image: segment 1: paddr=0001b1fc vaddr=3ffb0000 size=02548h (  9544) load[0m
[0;32mI (106) esp_image: segment 2: paddr=0001d74c vaddr=40080000 size=028cch ( 10444) load[0m
[0;32mI (110) esp_image: segment 3: paddr=00020020 vaddr=400d0020 size=18214h ( 98836) map[0m
[0;32mI (147) esp_image: segment 4: paddr=0003823c vaddr=400828cc size=0bffch ( 49148) load[0m
[0;32mI (167) esp_image: segment 5: paddr=00044240 vaddr=50000000 size=00020h (    32) load[0m
[0;32mI (174) boot: Loaded app from partition at offset 0x10000[0m
[0;32mI (174) boot: Disabling RNG early entropy source...[0m
[0;32mI (185) cpu_start: Multicore app[0m
[0;32mI (193) cpu_start: GPIO 3 and 1 are used as console UART I/O pins[0m
[0;32mI (193) cpu_start: Pro cpu start user code[0m
[0;32mI (193) cpu_start: cpu freq: 160000000 Hz[0m
[0;32mI (195) app_init: Application information:[0m
[0;32mI (199) app_init: Project name:     esp32_gps[0m
[0;32mI (203) app_init: App version:      69caac2-dirty[0m
[0;32mI (207) app_init: Compile time:     Mar  8 2026 20:23:27[0m
[0;32mI (213) app_init: ELF file SHA256:  005fd5a5c...[0m
[0;32mI (217) app_init: ESP-IDF:          v5.5.2-dirty[0m
[0;32mI (221) efuse_init: Min chip rev:     v0.0[0m
[0;32mI (225) efuse_init: Max chip rev:     v3.99 [0m
[0;32mI (229) efuse_init: Chip rev:         v3.1[0m
[0;32mI (233) heap_init: Initializing. RAM available for dynamic allocation:[0m
[0;32mI (239) heap_init: At 3FFAE6E0 len 00001920 (6 KiB): DRAM[0m
[0;32mI (244) heap_init: At 3FFB2EE0 len 0002D120 (180 KiB): DRAM[0m
[0;32mI (249) heap_init: At 3FFE0440 len 00003AE0 (14 KiB): D/IRAM[0m
[0;32mI (255) heap_init: At 3FFE4350 len 0001BCB0 (111 KiB): D/IRAM[0m
[0;32mI (260) heap_init: At 4008E8C8 len 00011738 (69 KiB): IRAM[0m
[0;33mW (267) spi_flash: Detected boya flash chip but using generic driver. For optimal functionality, enable `SPI_FLASH_SUPPORT_BOYA_CHIP` in menuconfig[0m
[0;32mI (279) spi_flash: detected chip: generic[0m
[0;32mI (282) spi_flash: flash io: dio[0m
[0;33mW (285) spi_flash: Detected size(4096k) larger than the size in the binary image header(2048k). Using the size in the binary image header.[0m
[0;32mI (298) main_task: Started on CPU0[0m
[0;32mI (308) main_task: Calling app_main()[0m
[0;32mI (328) GPS: GPS task started[0m

***ERROR*** A stack overflow in task gps_task has been detected.


Backtrace: 0x40086199:0x3ffb57e0 0x40086161:0x3ffb5800 0x400870aa:0x3ffb5820 0x4008811f:0x3ffb58a0 0x400871b4:0x3ffb58c0 0x40087166:0xa5a5a5a5 |<-CORRUPTED




ELF file SHA256: 005fd5a5c

Rebooting...
ets Jul 29 2019 12:21:46

rst:0xc (SW_CPU_RESET),boot:0x13 (SPI_FAST_FLASH_BOOT)
configsip: 0, SPIWP:0xee
clk_drv:0x00,q_drv:0x00,d_drv:0x00,cs0_drv:0x00,hd_drv:0x00,wp_drv:0x00
mode:DIO, clock div:2
load:0x3fff0030,len:6384
load:0x40078000,len:15916
load:0x40080400,len:3920
entry 0x40080644
[0;32mI (27) boot: ESP-IDF v5.5.2-dirty 2nd stage bootloader[0m
[0;32mI (27) boot: compile time Mar  8 2026 20:23:34[0m
[0;32mI (27) boot: Multicore bootloader[0m
[0;32mI (29) boot: chip revision: v3.1[0m
[0;32mI (32) boot.esp32: SPI Speed      : 40MHz[0m
[0;32mI (36) boot.esp32: SPI Mode       : DIO[0m
[0;32mI (39) boot.esp32: SPI Flash Size : 2MB[0m
[0;32mI (43) boot: Enabling RNG early entropy source...[0m
[0;32mI (47) boot: Partition Table:[0m
[0;32mI (50) boot: ## Label            Usage          Type ST Offset   Length[0m
[0;32mI (56) boot:  0 nvs              WiFi data        01 02 00009000 00006000[0m
[0;32mI (63) boot:  1 phy_init         RF data          01 01 0000f000 00001000[0m
[0;32mI (69) boot:  2 factory          factory app      00 00 00010000 00100000[0m
[0;32mI (76) boot: End of partition table[0m
[0;32mI (79) esp_image: segment 0: paddr=00010020 vaddr=3f400020 size=0b1d4h ( 45524) map[0m
[0;32mI (102) esp_image: segment 1: paddr=0001b1fc vaddr=3ffb0000 size=02548h (  9544) load[0m
[0;32mI (106) esp_image: segment 2: paddr=0001d74c vaddr=40080000 size=028cch ( 10444) load[0m
[0;32mI (110) esp_image: segment 3: paddr=00020020 vaddr=400d0020 size=18214h ( 98836) map[0m
[0;32mI (147) esp_image: segment 4: paddr=0003823c vaddr=400828cc size=0bffch ( 49148) load[0m
[0;32mI (167) esp_image: segment 5: paddr=00044240 vaddr=50000000 size=00020h (    32) load[0m
[0;32mI (174) boot: Loaded app from partition at offset 0x10000[0m
[0;32mI (174) boot: Disabling RNG early entropy source...[0m
[0;32mI (185) cpu_start: Multicore app[0m
[0;32mI (193) cpu_start: GPIO 3 and 1 are used as console UART I/O pins[0m
[0;32mI (193) cpu_start: Pro cpu start user code[0m
[0;32mI (193) cpu_start: cpu freq: 160000000 Hz[0m
[0;32mI (195) app_init: Application information:[0m
[0;32mI (199) app_init: Project name:     esp32_gps[0m
[0;32mI (203) app_init: App version:      69caac2-dirty[0m
[0;32mI (207) app_init: Compile time:     Mar  8 2026 20:23:27[0m
[0;32mI (213) app_init: ELF file SHA256:  005fd5a5c...[0m
[0;32mI (217) app_init: ESP-IDF:          v5.5.2-dirty[0m
[0;32mI (221) efuse_init: Min chip rev:     v0.0[0m
[0;32mI (225) efuse_init: Max chip rev:     v3.99 [0m
[0;32mI (229) efuse_init: Chip rev:         v3.1[0m
[0;32mI (233) heap_init: Initializing. RAM available for dynamic allocation:[0m
[0;32mI (239) heap_init: At 3FFAE6E0 len 00001920 (6 KiB): DRAM[0m
[0;32mI (244) heap_init: At 3FFB2EE0 len 0002D120 (180 KiB): DRAM[0m
[0;32mI (249) heap_init: At 3FFE0440 len 00003AE0 (14 KiB): D/IRAM[0m
[0;32mI (255) heap_init: At 3FFE4350 len 0001BCB0 (111 KiB): D/IRAM[0m
[0;32mI (260) heap_init: At 4008E8C8 len 00011738 (69 KiB): IRAM[0m
[0;33mW (267) spi_flash: Detected boya flash chip but using generic driver. For optimal functionality, enable `SPI_FLASH_SUPPORT_BOYA_CHIP` in menuconfig[0m
[0;32mI (279) spi_flash: detected chip: generic[0m
[0;32mI (282) spi_flash: flash io: dio[0m
[0;33mW (285) spi_flash: Detected size(4096k) larger than the size in the binary image header(2048k). Using the size in the binary image header.[0m
[0;32mI (298) main_task: Started on CPU0[0m
[0;32mI (308) main_task: Calling app_main()[0m
[0;32mI (328) GPS: GPS task started[0m

***ERROR*** A stack overflow in task gps_task has been detected.


Backtrace: 0x40086199:0x3ffb57e0 0x40086161:0x3ffb5800 0x400870aa:0x3ffb5820 0x4008811f:0x3ffb58a0 0x400871b4:0x3ffb58c0 0x40087166:0xa5a5a5a5 |<-CORRUPTED




ELF file SHA256: 005fd5a5c

Rebooting...
ets Jul 29 2019 12:21:46

rst:0xc (SW_CPU_RESET),boot:0x13 (SPI_FAST_FLASH_BOOT)
configsip: 0, SPIWP:0xee
clk_drv:0x00,q_drv:0x00,d_drv:0x00,cs0_drv:0x00,hd_drv:0x00,wp_drv:0x00
mode:DIO, clock div:2
load:0x3fff0030,len:6384
load:0x40078000,len:15916
load:0x40080400,len:3920
entry 0x40080644
[0;32mI (27) boot: ESP-IDF v5.5.2-dirty 2nd stage bootloader[0m
[0;32mI (27) boot: compile time Mar  8 2026 20:23:34[0m
[0;32mI (27) boot: Multicore bootloader[0m
[0;32mI (29) boot: chip revision: v3.1[0m
[0;32mI (32) boot.esp32: SPI Speed      : 40MHz[0m
[0;32mI (36) boot.esp32: SPI Mode       : DIO[0m
[0;32mI (39) boot.esp32: SPI Flash Size : 2MB[0m
[0;32mI (43) boot: Enabling RNG early entropy source...[0m
[0;32mI (47) boot: Partition Table:[0m
[0;32mI (50) boot: ## Label            Usage          Type ST Offset   Length[0m
[0;32mI (56) boot:  0 nvs              WiFi data        01 02 00009000 00006000[0m
[0;32mI (63) boot:  1 phy_init         RF data          01 01 0000f000 00001000[0m
[0;32mI (69) boot:  2 factory          factory app      00 00 00010000 00100000[0m
[0;32mI (76) boot: End of partition table[0m
[0;32mI (79) esp_image: segment 0: paddr=00010020 vaddr=3f400020 size=0b1d4h ( 45524) map[0m
[0;32mI (102) esp_image: segment 1: paddr=0001b1fc vaddr=3ffb0000 size=02548h (  9544) load[0m
[0;32mI (106) esp_image: segment 2: paddr=0001d74c vaddr=40080000 size=028cch ( 10444) load[0m
[0;32mI (110) esp_image: segment 3: paddr=00020020 vaddr=400d0020 size=18214h ( 98836) map[0m
[0;32mI (147) esp_image: segment 4: paddr=0003823c vaddr=400828cc size=0bffch ( 49148) load[0m
[0;32mI (167) esp_image: segment 5: paddr=00044240 vaddr=50000000 size=00020h (    32) load[0m
[0;32mI (174) boot: Loaded app from partition at offset 0x10000[0m
[0;32mI (174) boot: Disabling RNG early entropy source...[0m
[0;32mI (185) cpu_start: Multicore app[0m
[0;32mI (193) cpu_start: GPIO 3 and 1 are used as console UART I/O pins[0m
[0;32mI (193) cpu_start: Pro cpu start user code[0m
[0;32mI (193) cpu_start: cpu freq: 160000000 Hz[0m
[0;32mI (195) app_init: Application information:[0m
[0;32mI (199) app_init: Project name:     esp32_gps[0m
[0;32mI (203) app_init: App version:      69caac2-dirty[0m
[0;32mI (207) app_init: Compile time:     Mar  8 2026 20:23:27[0m
[0;32mI (213) app_init: ELF file SHA256:  005fd5a5c...[0m
[0;32mI (217) app_init: ESP-IDF:          v5.5.2-dirty[0m
[0;32mI (221) efuse_init: Min chip rev:     v0.0[0m
[0;32mI (225) efuse_init: Max chip rev:     v3.99 [0m
[0;32mI (229) efuse_init: Chip rev:         v3.1[0m
[0;32mI (233) heap_init: Initializing. RAM available for dynamic allocation:[0m
[0;32mI (239) heap_init: At 3FFAE6E0 len 00001920 (6 KiB): DRAM[0m
[0;32mI (244) heap_init: At 3FFB2EE0 len 0002D120 (180 KiB): DRAM[0m
[0;32mI (249) heap_init: At 3FFE0440 len 00003AE0 (14 KiB): D/IRAM[0m
[0;32mI (255) heap_init: At 3FFE4350 len 0001BCB0 (111 KiB): D/IRAM[0m
[0;32mI (260) heap_init: At 4008E8C8 len 00011738 (69 KiB): IRAM[0m
[0;33mW (267) spi_flash: Detected boya flash chip but using generic driver. For optimal functionality, enable `SPI_FLASH_SUPPORT_BOYA_CHIP` in menuconfig[0m
[0;32mI (279) spi_flash: detected chip: generic[0m
[0;32mI (282) spi_flash: flash io: dio[0m
[0;33mW (285) spi_flash: Detected size(4096k) larger than the size in the binary image header(2048k). Using the size in the binary image header.[0m
[0;32mI (298) main_task: Started on CPU0[0m
[0;32mI (308) main_task: Calling app_main()[0m
[0;32mI (328) GPS: GPS task started[0m

***ERROR*** A stack overflow in task gps_task has been detected.


Backtrace: 0x40086199:0x3ffb57e0 0x40086161:0x3ffb5800 0x400870aa:0x3ffb5820 0x4008811f:0x3ffb58a0 0x400871b4:0x3ffb58c0 0x40087166:0xa5a5a5a5 |<-CORRUPTED




ELF file SHA256: 005fd5a5c

Rebooting...
ets Jul 29 2019 12:21:46

rst:0xc (SW_CPU_RESET),boot:0x13 (SPI_FAST_FLASH_BOOT)
configsip: 0, SPIWP:0xee
clk_drv:0x00,q_drv:0x00,d_drv:0x00,cs0_drv:0x00,hd_drv:0x00,wp_drv:0x00
mode:DIO, clock div:2
load:0x3fff0030,len:6384
load:0x40078000,len:15916
load:0x40080400,len:3920
entry 0x40080644
[0;32mI (27) boot: ESP-IDF v5.5.2-dirty 2nd stage bootloader[0m
[0;32mI (27) boot: compile time Mar  8 2026 20:23:34[0m
[0;32mI (27) boot: Multicore bootloader[0m
[0;32mI (29) boot: chip revision: v3.1[0m
[0;32mI (32) boot.esp32: SPI Speed      : 40MHz[0m
[0;32mI (36) boot.esp32: SPI Mode       : DIO[0m
[0;32mI (39) boot.esp32: SPI Flash Size : 2MB[0m
[0;32mI (43) boot: Enabling RNG early entropy source...[0m
[0;32mI (47) boot: Partition Table:[0m
[0;32mI (50) boot: ## Label            Usage          Type ST Offset   Length[0m
[0;32mI (56) boot:  0 nvs              WiFi data        01 02 00009000 00006000[0m
[0;32mI (63) boot:  1 phy_init         RF data          01 01 0000f000 00001000[0m
[0;32mI (69) boot:  2 factory          factory app      00 00 00010000 00100000[0m
[0;32mI (76) boot: End of partition table[0m
[0;32mI (79) esp_image: segment 0: paddr=00010020 vaddr=3f400020 size=0b1d4h ( 45524) map[0m
[0;32mI (102) esp_image: segment 1: paddr=0001b1fc vaddr=3ffb0000 size=02548h (  9544) load[0m
[0;32mI (106) esp_image: segment 2: paddr=0001d74c vaddr=40080000 size=028cch ( 10444) load[0m
[0;32mI (110) esp_image: segment 3: paddr=00020020 vaddr=400d0020 size=18214h ( 98836) map[0m
[0;32mI (147) esp_image: segment 4: paddr=0003823c vaddr=400828cc size=0bffch ( 49148) load[0m
[0;32mI (167) esp_image: segment 5: paddr=00044240 vaddr=50000000 size=00020h (    32) load[0m
[0;32mI (174) boot: Loaded app from partition at offset 0x10000[0m
[0;32mI (174) boot: Disabling RNG early entropy source...[0m
[0;32mI (185) cpu_start: Multicore app[0m
[0;32mI (193) cpu_start: GPIO 3 and 1 are used as console UART I/O pins[0m
[0;32mI (193) cpu_start: Pro cpu start user code[0m
[0;32mI (193) cpu_start: cpu freq: 160000000 Hz[0m
[0;32mI (195) app_init: Application information:[0m
[0;32mI (199) app_init: Project name:     esp32_gps[0m
[0;32mI (203) app_init: App version:      69caac2-dirty[0m
[0;32mI (207) app_init: Compile time:     Mar  8 2026 20:23:27[0m
[0;32mI (213) app_init: ELF file SHA256:  005fd5a5c...[0m
[0;32mI (217) app_init: ESP-IDF:          v5.5.2-dirty[0m
[0;32mI (221) efuse_init: Min chip rev:     v0.0[0m
[0;32mI (225) efuse_init: Max chip rev:     v3.99 [0m
[0;32mI (229) efuse_init: Chip rev:         v3.1[0m
[0;32mI (233) heap_init: Initializing. RAM available for dynamic allocation:[0m
[0;32mI (239) heap_init: At 3FFAE6E0 len 00001920 (6 KiB): DRAM[0m
[0;32mI (244) heap_init: At 3FFB2EE0 len 0002D120 (180 KiB): DRAM[0m
[0;32mI (249) heap_init: At 3FFE0440 len 00003AE0 (14 KiB): D/IRAM[0m
[0;32mI (255) heap_init: At 3FFE4350 len 0001BCB0 (111 KiB): D/IRAM[0m
[0;32mI (260) heap_init: At 4008E8C8 len 00011738 (69 KiB): IRAM[0m
[0;33mW (267) spi_flash: Detected boya flash chip but using generic driver. For optimal functionality, enable `SPI_FLASH_SUPPORT_BOYA_CHIP` in menuconfig[0m
[0;32mI (279) spi_flash: detected chip: generic[0m
[0;32mI (282) spi_flash: flash io: dio[0m
[0;33mW (285) spi_flash: Detected size(4096k) larger than the size in the binary image header(2048k). Using the size in the binary image header.[0m
[0;32mI (298) main_task: Started on CPU0[0m
[0;32mI (308) main_task: Calling app_main()[0m
[0;32mI (328) GPS: GPS task started[0m

***ERROR*** A stack overflow in task gps_task has been detected.


Backtrace: 0x40086199:0x3ffb57e0 0x40086161:0x3ffb5800 0x400870aa:0x3ffb5820 0x4008811f:0x3ffb58a0 0x400871b4:0x3ffb58c0 0x40087166:0xa5a5a5a5 |<-CORRUPTED




ELF file SHA256: 005fd5a5c

Rebooting...
ets Jul 29 2019 12:21:46

rst:0xc (SW_CPU_RESET),boot:0x13 (SPI_FAST_FLASH_BOOT)
configsip: 0, SPIWP:0xee
clk_drv:0x00,q_drv:0x00,d_drv:0x00,cs0_drv:0x00,hd_drv:0x00,wp_drv:0x00
mode:DIO, clock div:2
load:0x3fff0030,len:6384
load:0x40078000,len:15916
load:0x40080400,len:3920
entry 0x40080644
[0;32mI (27) boot: ESP-IDF v5.5.2-dirty 2nd stage bootloader[0m
[0;32mI (27) boot: compile time Mar  8 2026 20:23:34[0m
[0;32mI (27) boot: Multicore bootloader[0m
[0;32mI (29) boot: chip revision: v3.1[0m
[0;32mI (32) boot.esp32: SPI Speed      : 40MHz[0m
[0;32mI (36) boot.esp32: SPI Mode       : DIO[0m
[0;32mI (39) boot.esp32: SPI Flash Size : 2MB[0m
[0;32mI (43) boot: Enabling RNG early entropy source...[0m
[0;32mI (47) boot: Partition Table:[0m
[0;32mI (50) boot: ## Label            Usage          Type ST Offset   Length[0m
[0;32mI (56) boot:  0 nvs              WiFi data        01 02 00009000 00006000[0m
[0;32mI (63) boot:  1 phy_init         RF data          01 01 0000f000 00001000[0m
[0;32mI (69) boot:  2 factory          factory app      00 00 00010000 00100000[0m
[0;32mI (76) boot: End of partition table[0m
[0;32mI (79) esp_image: segment 0: paddr=00010020 vaddr=3f400020 size=0b1d4h ( 45524) map[0m
[0;32mI (102) esp_image: segment 1: paddr=0001b1fc vaddr=3ffb0000 size=02548h (  9544) load[0m
[0;32mI (106) esp_image: segment 2: paddr=0001d74c vaddr=40080000 size=028cch ( 10444) load[0m
[0;32mI (110) esp_image: segment 3: paddr=00020020 vaddr=400d0020 size=18214h ( 98836) map[0m
[0;32mI (147) esp_image: segment 4: paddr=0003823c vaddr=400828cc size=0bffch ( 49148) load[0m
[0;32mI (167) esp_image: segment 5: paddr=00044240 vaddr=50000000 size=00020h (    32) load[0m
[0;32mI (174) boot: Loaded app from partition at offset 0x10000[0m
[0;32mI (174) boot: Disabling RNG early entropy source...[0m
[0;32mI (185) cpu_start: Multicore app[0m
[0;32mI (193) cpu_start: GPIO 3 and 1 are used as console UART I/O pins[0m
[0;32mI (193) cpu_start: Pro cpu start user code[0m
[0;32mI (193) cpu_start: cpu freq: 160000000 Hz[0m
[0;32mI (195) app_init: Application information:[0m
[0;32mI (199) app_init: Project name:     esp32_gps[0m
[0;32mI (203) app_init: App version:      69caac2-dirty[0m
[0;32mI (207) app_init: Compile time:     Mar  8 2026 20:23:27[0m
[0;32mI (213) app_init: ELF file SHA256:  005fd5a5c...[0m
[0;32mI (217) app_init: ESP-IDF:          v5.5.2-dirty[0m
[0;32mI (221) efuse_init: Min chip rev:     v0.0[0m
[0;32mI (225) efuse_init: Max chip rev:     v3.99 [0m
[0;32mI (229) efuse_init: Chip rev:         v3.1[0m
[0;32mI (233) heap_init: Initializing. RAM available for dynamic allocation:[0m
[0;32mI (239) heap_init: At 3FFAE6E0 len 00001920 (6 KiB): DRAM[0m
[0;32mI (244) heap_init: At 3FFB2EE0 len 0002D120 (180 KiB): DRAM[0m
[0;32mI (249) heap_init: At 3FFE0440 len 00003AE0 (14 KiB): D/IRAM[0m
[0;32mI (255) heap_init: At 3FFE4350 len 0001BCB0 (111 KiB): D/IRAM[0m
[0;32mI (260) heap_init: At 4008E8C8 len 00011738 (69 KiB): IRAM[0m
[0;33mW (267) spi_flash: Detected boya flash chip but using generic driver. For optimal functionality, enable `SPI_FLASH_SUPPORT_BOYA_CHIP` in menuconfig[0m
[0;32mI (279) spi_flash: detected chip: generic[0m
[0;32mI (282) spi_flash: flash io: dio[0m
[0;33mW (285) spi_flash: Detected size(4096k) larger than the size in the binary image header(2048k). Using the size in the binary image header.[0m
[0;32mI (298) main_task: Started on CPU0[0m
[0;32mI (308) main_task: Calling app_main()[0m
[0;32mI (328) GPS: GPS task started[0m

***ERROR*** A stack overflow in task gps_task has been detected.


Backtrace: 0x40086199:0x3ffb57e0 0x40086161:0x3ffb5800 0x400870aa:0x3ffb5820 0x4008811f:0x3ffb58a0 0x400871b4:0x3ffb58c0 0x40087166:0xa5a5a5a5 |<-CORRUPTED




ELF file SHA256: 005fd5a5c

Rebooting...
ets Jul 29 2019 12:21:46

rst:0xc (SW_CPU_RESET),boot:0x13 (SPI_FAST_FLASH_BOOT)
configsip: 0, SPIWP:0xee
clk_drv:0x00,q_drv:0x00,d_drv:0x00,cs0_drv:0x00,hd_drv:0x00,wp_drv:0x00
mode:DIO, clock div:2
load:0x3fff0030,len:6384
load:0x40078000,len:15916
load:0x40080400,len:3920
entry 0x40080644
[0;32mI (27) boot: ESP-IDF v5.5.2-dirty 2nd stage bootloader[0m
[0;32mI (27) boot: compile time Mar  8 2026 20:23:34[0m
[0;32mI (27) boot: Multicore bootloader[0m
[0;32mI (29) boot: chip revision: v3.1[0m
[0;32mI (32) boot.esp32: SPI Speed      : 40MHz[0m
[0;32mI (36) boot.esp32: SPI Mode       : DIO[0m
[0;32mI (39) boot.esp32: SPI Flash Size : 2MB[0m
[0;32mI (43) boot: Enabling RNG early entropy source...[0m
[0;32mI (47) boot: Partition Table:[0m
[0;32mI (50) boot: ## Label            Usage          Type ST Offset   Length[0m
[0;32mI (56) boot:  0 nvs              WiFi data        01 02 00009000 00006000[0m
[0;32mI (63) boot:  1 phy_init         RF data          01 01 0000f000 00001000[0m
[0;32mI (69) boot:  2 factory          factory app      00 00 00010000 00100000[0m
[0;32mI (76) boot: End of partition table[0m
[0;32mI (79) esp_image: segment 0: paddr=00010020 vaddr=3f400020 size=0b1d4h ( 45524) map[0m
[0;32mI (102) esp_image: segment 1: paddr=0001b1fc vaddr=3ffb0000 size=02548h (  9544) load[0m
[0;32mI (106) esp_image: segment 2: paddr=0001d74c vaddr=40080000 size=028cch ( 10444) load[0m
[0;32mI (110) esp_image: segment 3: paddr=00020020 vaddr=400d0020 size=18214h ( 98836) map[0m
[0;32mI (147) esp_image: segment 4: paddr=0003823c vaddr=400828cc size=0bffch ( 49148) load[0m
[0;32mI (167) esp_image: segment 5: paddr=00044240 vaddr=50000000 size=00020h (    32) load[0m
[0;32mI (174) boot: Loaded app from partition at offset 0x10000[0m
[0;32mI (174) boot: Disabling RNG early entropy source...[0m
[0;32mI (185) cpu_start: Multicore app[0m
[0;32mI (193) cpu_start: GPIO 3 and 1 are used as console UART I/O pins[0m
[0;32mI (193) cpu_start: Pro cpu start user code[0m
[0;32mI (193) cpu_start: cpu freq: 160000000 Hz[0m
[0;32mI (195) app_init: Application information:[0m
[0;32mI (199) app_init: Project name:     esp32_gps[0m
[0;32mI (203) app_init: App version:      69caac2-dirty[0m
[0;32mI (207) app_init: Compile time:     Mar  8 2026 20:23:27[0m
[0;32mI (213) app_init: ELF file SHA256:  005fd5a5c...[0m
[0;32mI (217) app_init: ESP-IDF:          v5.5.2-dirty[0m
[0;32mI (221) efuse_init: Min chip rev:     v0.0[0m
[0;32mI (225) efuse_init: Max chip rev:     v3.99 [0m
[0;32mI (229) efuse_init: Chip rev:         v3.1[0m
[0;32mI (233) heap_init: Initializing. RAM available for dynamic allocation:[0m
[0;32mI (239) heap_init: At 3FFAE6E0 len 00001920 (6 KiB): DRAM[0m
[0;32mI (244) heap_init: At 3FFB2EE0 len 0002D120 (180 KiB): DRAM[0m
[0;32mI (249) heap_init: At 3FFE0440 len 00003AE0 (14 KiB): D/IRAM[0m
[0;32mI (255) heap_init: At 3FFE4350 len 0001BCB0 (111 KiB): D/IRAM[0m
[0;32mI (260) heap_init: At 4008E8C8 len 00011738 (69 KiB): IRAM[0m
[0;33mW (267) spi_flash: Detected boya flash chip but using generic driver. For optimal functionality, enable `SPI_FLASH_SUPPORT_BOYA_CHIP` in menuconfig[0m
[0;32mI (279) spi_flash: detected chip: generic[0m
[0;32mI (282) spi_flash: flash io: dio[0m
[0;33mW (285) spi_flash: Detected size(4096k) larger than the size in the binary image header(2048k). Using the size in the binary image header.[0m
[0;32mI (298) main_task: Started on CPU0[0m
[0;32mI (308) main_task: Calling app_main()[0m
[0;32mI (328) GPS: GPS task started[0m

***ERROR*** A stack overflow in task gps_task has been detected.


Backtrace: 0x40086199:0x3ffb57e0 0x40086161:0x3ffb5800 0x400870aa:0x3ffb5820 0x4008811f:0x3ffb58a0 0x400871b4:0x3ffb58c0 0x40087166:0xa5a5a5a5 |<-CORRUPTED




ELF file SHA256: 005fd5a5c

Rebooting...
ets Jul 29 2019 12:21:46

rst:0xc (SW_CPU_RESET),boot:0x13 (SPI_FAST_FLASH_BOOT)
configsip: 0, SPIWP:0xee
clk_drv:0x00,q_drv:0x00,d_drv:0x00,cs0_drv:0x00,hd_drv:0x00,wp_drv:0x00
mode:DIO, clock div:2
load:0x3fff0030,len:6384
load:0x40078000,len:15916
load:0x40080400,len:3920
entry 0x40080644
[0;32mI (27) boot: ESP-IDF v5.5.2-dirty 2nd stage bootloader[0m
[0;32mI (27) boot: compile time Mar  8 2026 20:23:34[0m
[0;32mI (27) boot: Multicore bootloader[0m
[0;32mI (29) boot: chip revision: v3.1[0m
[0;32mI (32) boot.esp32: SPI Speed      : 40MHz[0m
[0;32mI (36) boot.esp32: SPI Mode       : DIO[0m
[0;32mI (39) boot.esp32: SPI Flash Size : 2MB[0m
[0;32mI (43) boot: Enabling RNG early entropy source...[0m
[0;32mI (47) boot: Partition Table:[0m
[0;32mI (50) boot: ## Label            Usage          Type ST Offset   Length[0m
[0;32mI (56) boot:  0 nvs              WiFi data        01 02 00009000 00006000[0m
[0;32mI (63) boot:  1 phy_init         RF data          01 01 0000f000 00001000[0m
[0;32mI (69) boot:  2 factory          factory app      00 00 00010000 00100000[0m
[0;32mI (76) boot: End of partition table[0m
[0;32mI (79) esp_image: segment 0: paddr=00010020 vaddr=3f400020 size=0b1d4h ( 45524) map[0m
[0;32mI (102) esp_image: segment 1: paddr=0001b1fc vaddr=3ffb0000 size=02548h (  9544) load[0m
[0;32mI (106) esp_image: segment 2: paddr=0001d74c vaddr=40080000 size=028cch ( 10444) load[0m
[0;32mI (110) esp_image: segment 3: paddr=00020020 vaddr=400d0020 size=18214h ( 98836) map[0m
[0;32mI (147) esp_image: segment 4: paddr=0003823c vaddr=400828cc size=0bffch ( 49148) load[0m
[0;32mI (167) esp_image: segment 5: paddr=00044240 vaddr=50000000 size=00020h (    32) load[0m
[0;32mI (174) boot: Loaded app from partition at offset 0x10000[0m
[0;32mI (174) boot: Disabling RNG early entropy source...[0m
[0;32mI (185) cpu_start: Multicore app[0m
[0;32mI (193) cpu_start: GPIO 3 and 1 are used as console UART I/O pins[0m
[0;32mI (193) cpu_start: Pro cpu start user code[0m
[0;32mI (193) cpu_start: cpu freq: 160000000 Hz[0m
[0;32mI (195) app_init: Application information:[0m
[0;32mI (199) app_init: Project name:     esp32_gps[0m
[0;32mI (203) app_init: App version:      69caac2-dirty[0m
[0;32mI (207) app_init: Compile time:     Mar  8 2026 20:23:27[0m
[0;32mI (213) app_init: ELF file SHA256:  005fd5a5c...[0m
[0;32mI (217) app_init: ESP-IDF:          v5.5.2-dirty[0m
[0;32mI (221) efuse_init: Min chip rev:     v0.0[0m
[0;32mI (225) efuse_init: Max chip rev:     v3.99 [0m
[0;32mI (229) efuse_init: Chip rev:         v3.1[0m
[0;32mI (233) heap_init: Initializing. RAM available for dynamic allocation:[0m
[0;32mI (239) heap_init: At 3FFAE6E0 len 00001920 (6 KiB): DRAM[0m
[0;32mI (244) heap_init: At 3FFB2EE0 len 0002D120 (180 KiB): DRAM[0m
[0;32mI (249) heap_init: At 3FFE0440 len 00003AE0 (14 KiB): D/IRAM[0m
[0;32mI (255) heap_init: At 3FFE4350 len 0001BCB0 (111 KiB): D/IRAM[0m
[0;32mI (260) heap_init: At 4008E8C8 len 00011738 (69 KiB): IRAM[0m
[0;33mW (267) spi_flash: Detected boya flash chip but using generic driver. For optimal functionality, enable `SPI_FLASH_SUPPORT_BOYA_CHIP` in menuconfig[0m
[0;32mI (279) spi_flash: detected chip: generic[0m
[0;32mI (282) spi_flash: flash io: dio[0m
[0;33mW (285) spi_flash: Detected size(4096k) larger than the size in the binary image header(2048k). Using the size in the binary image header.[0m
[0;32mI (298) main_task: Started on CPU0[0m
[0;32mI (308) main_task: Calling app_main()[0m
[0;32mI (328) GPS: GPS task started[0m

***ERROR*** A stack overflow in task gps_task has been detected.


Backtrace: 0x40086199:0x3ffb57e0 0x40086161:0x3ffb5800 0x400870aa:0x3ffb5820 0x4008811f:0x3ffb58a0 0x400871b4:0x3ffb58c0 0x40087166:0xa5a5a5a5 |<-CORRUPTED




ELF file SHA256: 005fd5a5c

Rebooting...
ets Jul 29 2019 12:21:46

rst:0xc (SW_CPU_RESET),boot:0x13 (SPI_FAST_FLASH_BOOT)
configsip: 0, SPIWP:0xee
clk_drv:0x00,q_drv:0x00,d_drv:0x00,cs0_drv:0x00,hd_drv:0x00,wp_drv:0x00
mode:DIO, clock div:2
load:0x3fff0030,len:6384
load:0x40078000,len:15916
load:0x40080400,len:3920
entry 0x40080644
[0;32mI (27) boot: ESP-IDF v5.5.2-dirty 2nd stage bootloader[0m
[0;32mI (27) boot: compile time Mar  8 2026 20:23:34[0m
[0;32mI (27) boot: Multicore bootloader[0m
[0;32mI (29) boot: chip revision: v3.1[0m
[0;32mI (32) boot.esp32: SPI Speed      : 40MHz[0m
[0;32mI (36) boot.esp32: SPI Mode       : DIO[0m
[0;32mI (39) boot.esp32: SPI Flash Size : 2MB[0m
[0;32mI (43) boot: Enabling RNG early entropy source...[0m
[0;32mI (47) boot: Partition Table:[0m
[0;32mI (50) boot: ## Label            Usage          Type ST Offset   Length[0m
[0;32mI (56) boot:  0 nvs              WiFi data        01 02 00009000 00006000[0m
[0;32mI (63) boot:  1 phy_init         RF data          01 01 0000f000 00001000[0m
[0;32mI (69) boot:  2 factory          factory app      00 00 00010000 00100000[0m
[0;32mI (76) boot: End of partition table[0m
[0;32mI (79) esp_image: segment 0: paddr=00010020 vaddr=3f400020 size=0b1d4h ( 45524) map[0m
[0;32mI (102) esp_image: segment 1: paddr=0001b1fc vaddr=3ffb0000 size=02548h (  9544) load[0m
[0;32mI (106) esp_image: segment 2: paddr=0001d74c vaddr=40080000 size=028cch ( 10444) load[0m
[0;32mI (110) esp_image: segment 3: paddr=00020020 vaddr=400d0020 size=18214h ( 98836) map[0m
[0;32mI (147) esp_image: segment 4: paddr=0003823c vaddr=400828cc size=0bffch ( 49148) load[0m
[0;32mI (167) esp_image: segment 5: paddr=00044240 vaddr=50000000 size=00020h (    32) load[0m
[0;32mI (174) boot: Loaded app from partition at offset 0x10000[0m
[0;32mI (174) boot: Disabling RNG early entropy source...[0m
[0;32mI (185) cpu_start: Multicore app[0m
[0;32mI (193) cpu_start: GPIO 3 and 1 are used as console UART I/O pins[0m
[0;32mI (193) cpu_start: Pro cpu start user code[0m
[0;32mI (193) cpu_start: cpu freq: 160000000 Hz[0m
[0;32mI (195) app_init: Application information:[0m
[0;32mI (199) app_init: Project name:     esp32_gps[0m
[0;32mI (203) app_init: App version:      69caac2-dirty[0m
[0;32mI (207) app_init: Compile time:     Mar  8 2026 20:23:27[0m
[0;32mI (213) app_init: ELF file SHA256:  005fd5a5c...[0m
[0;32mI (217) app_init: ESP-IDF:          v5.5.2-dirty[0m
[0;32mI (221) efuse_init: Min chip rev:     v0.0[0m
[0;32mI (225) efuse_init: Max chip rev:     v3.99 [0m
[0;32mI (229) efuse_init: Chip rev:         v3.1[0m
[0;32mI (233) heap_init: Initializing. RAM available for dynamic allocation:[0m
[0;32mI (239) heap_init: At 3FFAE6E0 len 00001920 (6 KiB): DRAM[0m
[0;32mI (244) heap_init: At 3FFB2EE0 len 0002D120 (180 KiB): DRAM[0m
[0;32mI (249) heap_init: At 3FFE0440 len 00003AE0 (14 KiB): D/IRAM[0m
[0;32mI (255) heap_init: At 3FFE4350 len 0001BCB0 (111 KiB): D/IRAM[0m
[0;32mI (260) heap_init: At 4008E8C8 len 00011738 (69 KiB): IRAM[0m
[0;33mW (267) spi_flash: Detected boya flash chip but using generic driver. For optimal functionality, enable `SPI_FLASH_SUPPORT_BOYA_CHIP` in menuconfig[0m
[0;32mI (279) spi_flash: detected chip: generic[0m
[0;32mI (282) spi_flash: flash io: dio[0m
[0;33mW (285) spi_flash: Detected size(4096k) larger than the size in the binary image header(2048k). Using the size in the binary image header.[0m
[0;32mI (298) main_task: Started on CPU0[0m
[0;32mI (308) main_task: Calling app_main()[0m
[0;32mI (328) GPS: GPS task started[0m

***ERROR*** A stack overflow in task gps_task has been detected.


Backtrace: 0x40086199:0x3ffb57e0 0x40086161:0x3ffb5800 0x400870aa:0x3ffb5820 0x4008811f:0x3ffb58a0 0x400871b4:0x3ffb58c0 0x40087166:0xa5a5a5a5 |<-CORRUPTED




ELF file SHA256: 005fd5a5c

Rebooting...
ets Jul 29 2019 12:21:46

rst:0xc (SW_CPU_RESET),boot:0x13 (SPI_FAST_FLASH_BOOT)
configsip: 0, SPIWP:0xee
clk_drv:0x00,q_drv:0x00,d_drv:0x00,cs0_drv:0x00,hd_drv:0x00,wp_drv:0x00
mode:DIO, clock div:2
load:0x3fff0030,len:6384
load:0x40078000,len:15916
load:0x40080400,len:3920
entry 0x40080644
[0;32mI (27) boot: ESP-IDF v5.5.2-dirty 2nd stage bootloader[0m
[0;32mI (27) boot: compile time Mar  8 2026 20:23:34[0m
[0;32mI (27) boot: Multicore bootloader[0m
[0;32mI (29) boot: chip revision: v3.1[0m
[0;32mI (32) boot.esp32: SPI Speed      : 40MHz[0m
[0;32mI (36) boot.esp32: SPI Mode       : DIO[0m
[0;32mI (39) boot.esp32: SPI Flash Size : 2MB[0m
[0;32mI (43) boot: Enabling RNG early entropy source...[0m
[0;32mI (47) boot: Partition Table:[0m
[0;32mI (50) boot: ## Label            Usage          Type ST Offset   Length[0m
[0;32mI (56) boot:  0 nvs              WiFi data        01 02 00009000 00006000[0m
[0;32mI (63) boot:  1 phy_init         RF data          01 01 0000f000 00001000[0m
[0;32mI (69) boot:  2 factory          factory app      00 00 00010000 00100000[0m
[0;32mI (76) boot: End of partition table[0m
[0;32mI (79) esp_image: segment 0: paddr=00010020 vaddr=3f400020 size=0b1d4h ( 45524) map[0m
[0;32mI (102) esp_image: segment 1: paddr=0001b1fc vaddr=3ffb0000 size=02548h (  9544) load[0m
[0;32mI (106) esp_image: segment 2: paddr=0001d74c vaddr=40080000 size=028cch ( 10444) load[0m
[0;32mI (110) esp_image: segment 3: paddr=00020020 vaddr=400d0020 size=18214h ( 98836) map[0m
[0;32mI (147) esp_image: segment 4: paddr=0003823c vaddr=400828cc size=0bffch ( 49148) load[0m
[0;32mI (167) esp_image: segment 5: paddr=00044240 vaddr=50000000 size=00020h (    32) load[0m
[0;32mI (174) boot: Loaded app from partition at offset 0x10000[0m
[0;32mI (174) boot: Disabling RNG early entropy source...[0m
[0;32mI (185) cpu_start: Multicore app[0m
[0;32mI (193) cpu_start: GPIO 3 and 1 are used as console UART I/O pins[0m
[0;32mI (193) cpu_start: Pro cpu start user code[0m
[0;32mI (193) cpu_start: cpu freq: 160000000 Hz[0m
[0;32mI (195) app_init: Application information:[0m
[0;32mI (199) app_init: Project name:     esp32_gps[0m
[0;32mI (203) app_init: App version:      69caac2-dirty[0m
[0;32mI (207) app_init: Compile time:     Mar  8 2026 20:23:27[0m
[0;32mI (213) app_init: ELF file SHA256:  005fd5a5c...[0m
[0;32mI (217) app_init: ESP-IDF:          v5.5.2-dirty[0m
[0;32mI (221) efuse_init: Min chip rev:     v0.0[0m
[0;32mI (225) efuse_init: Max chip rev:     v3.99 [0m
[0;32mI (229) efuse_init: Chip rev:         v3.1[0m
[0;32mI (233) heap_init: Initializing. RAM available for dynamic allocation:[0m
[0;32mI (239) heap_init: At 3FFAE6E0 len 00001920 (6 KiB): DRAM[0m
[0;32mI (244) heap_init: At 3FFB2EE0 len 0002D120 (180 KiB): DRAM[0m
[0;32mI (249) heap_init: At 3FFE0440 len 00003AE0 (14 KiB): D/IRAM[0m
[0;32mI (255) heap_init: At 3FFE4350 len 0001BCB0 (111 KiB): D/IRAM[0m
[0;32mI (260) heap_init: At 4008E8C8 len 00011738 (69 KiB): IRAM[0m
[0;33mW (267) spi_flash: Detected boya flash chip but using generic driver. For optimal functionality, enable `SPI_FLASH_SUPPORT_BOYA_CHIP` in menuconfig[0m
[0;32mI (279) spi_flash: detected chip: generic[0m
[0;32mI (282) spi_flash: flash io: dio[0m
[0;33mW (285) spi_flash: Detected size(4096k) larger than the size in the binary image header(2048k). Using the size in the binary image header.[0m
[0;32mI (298) main_task: Started on CPU0[0m
[0;32mI (308) main_task: Calling app_main()[0m
[0;32mI (328) GPS: GPS task started[0m

***ERROR*** A stack overflow in task gps_task has been detected.


Backtrace: 0x40086199:0x3ffb57e0 0x40086161:0x3ffb5800 0x400870aa:0x3ffb5820 0x4008811f:0x3ffb58a0 0x400871b4:0x3ffb58c0 0x40087166:0xa5a5a5a5 |<-CORRUPTED




ELF file SHA256: 005fd5a5c

Rebooting...
ets Jul 29 2019 12:21:46

rst:0xc (SW_CPU_RESET),boot:0x13 (SPI_FAST_FLASH_BOOT)
configsip: 0, SPIWP:0xee
clk_drv:0x00,q_drv:0x00,d_drv:0x00,cs0_drv:0x00,hd_drv:0x00,wp_drv:0x00
mode:DIO, clock div:2
load:0x3fff0030,len:6384
load:0x40078000,len:15916
load:0x40080400,len:3920
entry 0x40080644
[0;32mI (27) boot: ESP-IDF v5.5.2-dirty 2nd stage bootloader[0m
[0;32mI (27) boot: compile time Mar  8 2026 20:23:34[0m
[0;32mI (27) boot: Multicore bootloader[0m
[0;32mI (29) boot: chip revision: v3.1[0m
[0;32mI (32) boot.esp32: SPI Speed      : 40MHz[0m
[0;32mI (36) boot.esp32: SPI Mode       : DIO[0m
[0;32mI (39) boot.esp32: SPI Flash Size : 2MB[0m
[0;32mI (43) boot: Enabling RNG early entropy source...[0m
[0;32mI (47) boot: Partition Table:[0m
[0;32mI (50) boot: ## Label            Usage          Type ST Offset   Length[0m
[0;32mI (56) boot:  0 nvs              WiFi data        01 02 00009000 00006000[0m
[0;32mI (63) boot:  1 phy_init         RF data          01 01 0000f000 00001000[0m
[0;32mI (69) boot:  2 factory          factory app      00 00 00010000 00100000[0m
[0;32mI (76) boot: End of partition table[0m
[0;32mI (79) esp_image: segment 0: paddr=00010020 vaddr=3f400020 size=0b1d4h ( 45524) map[0m
[0;32mI (102) esp_image: segment 1: paddr=0001b1fc vaddr=3ffb0000 size=02548h (  9544) load[0m
[0;32mI (106) esp_image: segment 2: paddr=0001d74c vaddr=40080000 size=028cch ( 10444) load[0m
[0;32mI (110) esp_image: segment 3: paddr=00020020 vaddr=400d0020 size=18214h ( 98836) map[0m
[0;32mI (147) esp_image: segment 4: paddr=0003823c vaddr=400828cc size=0bffch ( 49148) load[0m
[0;32mI (167) esp_image: segment 5: paddr=00044240 vaddr=50000000 size=00020h (    32) load[0m
[0;32mI (174) boot: Loaded app from partition at offset 0x10000[0m
[0;32mI (174) boot: Disabling RNG early entropy source...[0m
[0;32mI (185) cpu_start: Multicore app[0m
[0;32mI (193) cpu_start: GPIO 3 and 1 are used as console UART I/O pins[0m
[0;32mI (193) cpu_start: Pro cpu start user code[0m
[0;32mI (193) cpu_start: cpu freq: 160000000 Hz[0m
[0;32mI (195) app_init: Application information:[0m
[0;32mI (199) app_init: Project name:     esp32_gps[0m
[0;32mI (203) app_init: App version:      69caac2-dirty[0m
[0;32mI (207) app_init: Compile time:     Mar  8 2026 20:23:27[0m
[0;32mI (213) app_init: ELF file SHA256:  005fd5a5c...[0m
[0;32mI (217) app_init: ESP-IDF:          v5.5.2-dirty[0m
[0;32mI (221) efuse_init: Min chip rev:     v0.0[0m
[0;32mI (225) efuse_init: Max chip rev:     v3.99 [0m
[0;32mI (229) efuse_init: Chip rev:         v3.1[0m
[0;32mI (233) heap_init: Initializing. RAM available for dynamic allocation:[0m
[0;32mI (239) heap_init: At 3FFAE6E0 len 00001920 (6 KiB): DRAM[0m
[0;32mI (244) heap_init: At 3FFB2EE0 len 0002D120 (180 KiB): DRAM[0m
[0;32mI (249) heap_init: At 3FFE0440 len 00003AE0 (14 KiB): D/IRAM[0m
[0;32mI (255) heap_init: At 3FFE4350 len 0001BCB0 (111 KiB): D/IRAM[0m
[0;32mI (260) heap_init: At 4008E8C8 len 00011738 (69 KiB): IRAM[0m
[0;33mW (267) spi_flash: Detected boya flash chip but using generic driver. For optimal functionality, enable `SPI_FLASH_SUPPORT_BOYA_CHIP` in menuconfig[0m
[0;32mI (279) spi_flash: detected chip: generic[0m
[0;32mI (282) spi_flash: flash io: dio[0m
[0;33mW (285) spi_flash: Detected size(4096k) larger than the size in the binary image header(2048k). Using the size in the binary image header.[0m
[0;32mI (298) main_task: Started on CPU0[0m
[0;32mI (308) main_task: Calling app_main()[0m
[0;32mI (328) GPS: GPS task started[0m

***ERROR*** A stack overflow in task gps_task has been detected.


Backtrace: 0x40086199:0x3ffb57e0 0x40086161:0x3ffb5800 0x400870aa:0x3ffb5820 0x4008811f:0x3ffb58a0 0x400871b4:0x3ffb58c0 0x40087166:0xa5a5a5a5 |<-CORRUPTED




ELF file SHA256: 005fd5a5c

Rebooting...
ets Jul 29 2019 12:21:46

rst:0xc (SW_CPU_RESET),boot:0x13 (SPI_FAST_FLASH_BOOT)
configsip: 0, SPIWP:0xee
clk_drv:0x00,q_drv:0x00,d_drv:0x00,cs0_drv:0x00,hd_drv:0x00,wp_drv:0x00
mode:DIO, clock div:2
load:0x3fff0030,len:6384
load:0x40078000,len:15916
load:0x40080400,len:3920
entry 0x40080644
[0;32mI (27) boot: ESP-IDF v5.5.2-dirty 2nd stage bootloader[0m
[0;32mI (27) boot: compile time Mar  8 2026 20:23:34[0m
[0;32mI (27) boot: Multicore bootloader[0m
[0;32mI (29) boot: chip revision: v3.1[0m
[0;32mI (32) boot.esp32: SPI Speed      : 40MHz[0m
[0;32mI (36) boot.esp32: SPI Mode       : DIO[0m
[0;32mI (39) boot.esp32: SPI Flash Size : 2MB[0m
[0;32mI (43) boot: Enabling RNG early entropy source...[0m
[0;32mI (47) boot: Partition Table:[0m
[0;32mI (50) boot: ## Label            Usage          Type ST Offset   Length[0m
[0;32mI (56) boot:  0 nvs              WiFi data        01 02 00009000 00006000[0m
[0;32mI (63) boot:  1 phy_init         RF data          01 01 0000f000 00001000[0m
[0;32mI (69) boot:  2 factory          factory app      00 00 00010000 00100000[0m
[0;32mI (76) boot: End of partition table[0m
[0;32mI (79) esp_image: segment 0: paddr=00010020 vaddr=3f400020 size=0b1d4h ( 45524) map[0m
[0;32mI (102) esp_image: segment 1: paddr=0001b1fc vaddr=3ffb0000 size=02548h (  9544) load[0m
[0;32mI (106) esp_image: segment 2: paddr=0001d74c vaddr=40080000 size=028cch ( 10444) load[0m
[0;32mI (110) esp_image: segment 3: paddr=00020020 vaddr=400d0020 size=18214h ( 98836) map[0m
[0;32mI (147) esp_image: segment 4: paddr=0003823c vaddr=400828cc size=0bffch ( 49148) load[0m
[0;32mI (167) esp_image: segment 5: paddr=00044240 vaddr=50000000 size=00020h (    32) load[0m
[0;32mI (174) boot: Loaded app from partition at offset 0x10000[0m
[0;32mI (174) boot: Disabling RNG early entropy source...[0m
[0;32mI (185) cpu_start: Multicore app[0m
[0;32mI (193) cpu_start: GPIO 3 and 1 are used as console UART I/O pins[0m
[0;32mI (193) cpu_start: Pro cpu start user code[0m
[0;32mI (193) cpu_start: cpu freq: 160000000 Hz[0m
[0;32mI (195) app_init: Application information:[0m
[0;32mI (199) app_init: Project name:     esp32_gps[0m
[0;32mI (203) app_init: App version:      69caac2-dirty[0m
[0;32mI (207) app_init: Compile time:     Mar  8 2026 20:23:27[0m
[0;32mI (213) app_init: ELF file SHA256:  005fd5a5c...[0m
[0;32mI (217) app_init: ESP-IDF:          v5.5.2-dirty[0m
[0;32mI (221) efuse_init: Min chip rev:     v0.0[0m
[0;32mI (225) efuse_init: Max chip rev:     v3.99 [0m
[0;32mI (229) efuse_init: Chip rev:         v3.1[0m
[0;32mI (233) heap_init: Initializing. RAM available for dynamic allocation:[0m
[0;32mI (239) heap_init: At 3FFAE6E0 len 00001920 (6 KiB): DRAM[0m
[0;32mI (244) heap_init: At 3FFB2EE0 len 0002D120 (180 KiB): DRAM[0m
[0;32mI (249) heap_init: At 3FFE0440 len 00003AE0 (14 KiB): D/IRAM[0m
[0;32mI (255) heap_init: At 3FFE4350 len 0001BCB0 (111 KiB): D/IRAM[0m
[0;32mI (260) heap_init: At 4008E8C8 len 00011738 (69 KiB): IRAM[0m
[0;33mW (267) spi_flash: Detected boya flash chip but using generic driver. For optimal functionality, enable `SPI_FLASH_SUPPORT_BOYA_CHIP` in menuconfig[0m
[0;32mI (279) spi_flash: detected chip: generic[0m
[0;32mI (282) spi_flash: flash io: dio[0m
[0;33mW (285) spi_flash: Detected size(4096k) larger than the size in the binary image header(2048k). Using the size in the binary image header.[0m
[0;32mI (298) main_task: Started on CPU0[0m
[0;32mI (308) main_task: Calling app_main()[0m
[0;32mI (328) GPS: GPS task started[0m

***ERROR*** A stack overflow in task gps_task has been detected.


Backtrace: 0x40086199:0x3ffb57e0 0x40086161:0x3ffb5800 0x400870aa:0x3ffb5820 0x4008811f:0x3ffb58a0 0x400871b4:0x3ffb58c0 0x40087166:0xa5a5a5a5 |<-CORRUPTED




ELF file SHA256: 005fd5a5c

Rebooting...
ets Jul 29 2019 12:21:46

rst:0xc (SW_CPU_RESET),boot:0x13 (SPI_FAST_FLASH_BOOT)
configsip: 0, SPIWP:0xee
clk_drv:0x00,q_drv:0x00,d_drv:0x00,cs0_drv:0x00,hd_drv:0x00,wp_drv:0x00
mode:DIO, clock div:2
load:0x3fff0030,len:6384
load:0x40078000,len:15916
load:0x40080400,len:3920
entry 0x40080644
[0;32mI (27) boot: ESP-IDF v5.5.2-dirty 2nd stage bootloader[0m
[0;32mI (27) boot: compile time Mar  8 2026 20:23:34[0m
[0;32mI (27) boot: Multicore bootloader[0m
[0;32mI (29) boot: chip revision: v3.1[0m
[0;32mI (32) boot.esp32: SPI Speed      : 40MHz[0m
[0;32mI (36) boot.esp32: SPI Mode       : DIO[0m
[0;32mI (39) boot.esp32: SPI Flash Size : 2MB[0m
[0;32mI (43) boot: Enabling RNG early entropy source...[0m
[0;32mI (47) boot: Partition Table:[0m
[0;32mI (50) boot: ## Label            Usage          Type ST Offset   Length[0m
[0;32mI (56) boot:  0 nvs              WiFi data        01 02 00009000 00006000[0m
[0;32mI (63) boot:  1 phy_init         RF data          01 01 0000f000 00001000[0m
[0;32mI (69) boot:  2 factory          factory app      00 00 00010000 00100000[0m
[0;32mI (76) boot: End of partition table[0m
[0;32mI (79) esp_image: segment 0: paddr=00010020 vaddr=3f400020 size=0b1d4h ( 45524) map[0m
[0;32mI (102) esp_image: segment 1: paddr=0001b1fc vaddr=3ffb0000 size=02548h (  9544) load[0m
[0;32mI (106) esp_image: segment 2: paddr=0001d74c vaddr=40080000 size=028cch ( 10444) load[0m
[0;32mI (110) esp_image: segment 3: paddr=00020020 vaddr=400d0020 size=18214h ( 98836) map[0m
[0;32mI (147) esp_image: segment 4: paddr=0003823c vaddr=400828cc size=0bffch ( 49148) load[0m
[0;32mI (167) esp_image: segment 5: paddr=00044240 vaddr=50000000 size=00020h (    32) load[0m
[0;32mI (174) boot: Loaded app from partition at offset 0x10000[0m
[0;32mI (174) boot: Disabling RNG early entropy source...[0m
[0;32mI (185) cpu_start: Multicore app[0m
[0;32mI (193) cpu_start: GPIO 3 and 1 are used as console UART I/O pins[0m
[0;32mI (193) cpu_start: Pro cpu start user code[0m
[0;32mI (193) cpu_start: cpu freq: 160000000 Hz[0m
[0;32mI (195) app_init: Application information:[0m
[0;32mI (199) app_init: Project name:     esp32_gps[0m
[0;32mI (203) app_init: App version:      69caac2-dirty[0m
[0;32mI (207) app_init: Compile time:     Mar  8 2026 20:23:27[0m
[0;32mI (213) app_init: ELF file SHA256:  005fd5a5c...[0m
[0;32mI (217) app_init: ESP-IDF:          v5.5.2-dirty[0m
[0;32mI (221) efuse_init: Min chip rev:     v0.0[0m
[0;32mI (225) efuse_init: Max chip rev:     v3.99 [0m
[0;32mI (229) efuse_init: Chip rev:         v3.1[0m
[0;32mI (233) heap_init: Initializing. RAM available for dynamic allocation:[0m
[0;32mI (239) heap_init: At 3FFAE6E0 len 00001920 (6 KiB): DRAM[0m
[0;32mI (244) heap_init: At 3FFB2EE0 len 0002D120 (180 KiB): DRAM[0m
[0;32mI (249) heap_init: At 3FFE0440 len 00003AE0 (14 KiB): D/IRAM[0m
[0;32mI (255) heap_init: At 3FFE4350 len 0001BCB0 (111 KiB): D/IRAM[0m
[0;32mI (260) heap_init: At 4008E8C8 len 00011738 (69 KiB): IRAM[0m
[0;33mW (267) spi_flash: Detected boya flash chip but using generic driver. For optimal functionality, enable `SPI_FLASH_SUPPORT_BOYA_CHIP` in menuconfig[0m
[0;32mI (279) spi_flash: detected chip: generic[0m
[0;32mI (282) spi_flash: flash io: dio[0m
[0;33mW (285) spi_flash: Detected size(4096k) larger than the size in the binary image header(2048k). Using the size in the binary image header.[0m
[0;32mI (298) main_task: Started on CPU0[0m
[0;32mI (308) main_task: Calling app_main()[0m
[0;32mI (328) GPS: GPS task started[0m

***ERROR*** A stack overflow in task gps_task has been detected.


Backtrace: 0x40086199:0x3ffb57e0 0x40086161:0x3ffb5800 0x400870aa:0x3ffb5820 0x4008811f:0x3ffb58a0 0x400871b4:0x3ffb58c0 0x40087166:0xa5a5a5a5 |<-CORRUPTED




ELF file SHA256: 005fd5a5c

Rebooting...
ets Jul 29 2019 12:21:46

rst:0xc (SW_CPU_RESET),boot:0x13 (SPI_FAST_FLASH_BOOT)
configsip: 0, SPIWP:0xee
clk_drv:0x00,q_drv:0x00,d_drv:0x00,cs0_drv:0x00,hd_drv:0x00,wp_drv:0x00
mode:DIO, clock div:2
load:0x3fff0030,len:6384
load:0x40078000,len:15916
load:0x40080400,len:3920
entry 0x40080644
[0;32mI (27) boot: ESP-IDF v5.5.2-dirty 2nd stage bootloader[0m
[0;32mI (27) boot: compile time Mar  8 2026 20:23:34[0m
[0;32mI (27) boot: Multicore bootloader[0m
[0;32mI (29) boot: chip revision: v3.1[0m
[0;32mI (32) boot.esp32: SPI Speed      : 40MHz[0m
[0;32mI (36) boot.esp32: SPI Mode       : DIO[0m
[0;32mI (39) boot.esp32: SPI Flash Size : 2MB[0m
[0;32mI (43) boot: Enabling RNG early entropy source...[0m
[0;32mI (47) boot: Partition Table:[0m
[0;32mI (50) boot: ## Label            Usage          Type ST Offset   Length[0m
[0;32mI (56) boot:  0 nvs              WiFi data        01 02 00009000 00006000[0m
[0;32mI (63) boot:  1 phy_init         RF data          01 01 0000f000 00001000[0m
[0;32mI (69) boot:  2 factory          factory app      00 00 00010000 00100000[0m
[0;32mI (76) boot: End of partition table[0m
[0;32mI (79) esp_image: segment 0: paddr=00010020 vaddr=3f400020 size=0b1d4h ( 45524) map[0m
[0;32mI (102) esp_image: segment 1: paddr=0001b1fc vaddr=3ffb0000 size=02548h (  9544) load[0m
[0;32mI (106) esp_image: segment 2: paddr=0001d74c vaddr=40080000 size=028cch ( 10444) load[0m
[0;32mI (110) esp_image: segment 3: paddr=00020020 vaddr=400d0020 size=18214h ( 98836) map[0m
[0;32mI (147) esp_image: segment 4: paddr=0003823c vaddr=400828cc size=0bffch ( 49148) load[0m
[0;32mI (167) esp_image: segment 5: paddr=00044240 vaddr=50000000 size=00020h (    32) load[0m
[0;32mI (174) boot: Loaded app from partition at offset 0x10000[0m
[0;32mI (174) boot: Disabling RNG early entropy source...[0m
[0;32mI (185) cpu_start: Multicore app[0m
[0;32mI (193) cpu_start: GPIO 3 and 1 are used as console UART I/O pins[0m
[0;32mI (193) cpu_start: Pro cpu start user code[0m
[0;32mI (193) cpu_start: cpu freq: 160000000 Hz[0m
[0;32mI (195) app_init: Application information:[0m
[0;32mI (199) app_init: Project name:     esp32_gps[0m
[0;32mI (203) app_init: App version:      69caac2-dirty[0m
[0;32mI (207) app_init: Compile time:     Mar  8 2026 20:23:27[0m
[0;32mI (213) app_init: ELF file SHA256:  005fd5a5c...[0m
[0;32mI (217) app_init: ESP-IDF:          v5.5.2-dirty[0m
[0;32mI (221) efuse_init: Min chip rev:     v0.0[0m
[0;32mI (225) efuse_init: Max chip rev:     v3.99 [0m
[0;32mI (229) efuse_init: Chip rev:         v3.1[0m
[0;32mI (233) heap_init: Initializing. RAM available for dynamic allocation:[0m
[0;32mI (239) heap_init: At 3FFAE6E0 len 00001920 (6 KiB): DRAM[0m
[0;32mI (244) heap_init: At 3FFB2EE0 len 0002D120 (180 KiB): DRAM[0m
[0;32mI (249) heap_init: At 3FFE0440 len 00003AE0 (14 KiB): D/IRAM[0m
[0;32mI (255) heap_init: At 3FFE4350 len 0001BCB0 (111 KiB): D/IRAM[0m
[0;32mI (260) heap_init: At 4008E8C8 len 00011738 (69 KiB): IRAM[0m
[0;33mW (267) spi_flash: Detected boya flash chip but using generic driver. For optimal functionality, enable `SPI_FLASH_SUPPORT_BOYA_CHIP` in menuconfig[0m
[0;32mI (279) spi_flash: detected chip: generic[0m
[0;32mI (282) spi_flash: flash io: dio[0m
[0;33mW (285) spi_flash: Detected size(4096k) larger than the size in the binary image header(2048k). Using the size in the binary image header.[0m
[0;32mI (298) main_task: Started on CPU0[0m
[0;32mI (308) main_task: Calling app_main()[0m
[0;32mI (328) GPS: GPS task started[0m

***ERROR*** A stack overflow in task gps_task has been detected.


Backtrace: 0x40086199:0x3ffb57e0 0x40086161:0x3ffb5800 0x400870aa:0x3ffb5820 0x4008811f:0x3ffb58a0 0x400871b4:0x3ffb58c0 0x40087166:0xa5a5a5a5 |<-CORRUPTED




ELF file SHA256: 005fd5a5c

Rebooting...
ets Jul 29 2019 12:21:46

rst:0xc (SW_CPU_RESET),boot:0x13 (SPI_FAST_FLASH_BOOT)
configsip: 0, SPIWP:0xee
clk_drv:0x00,q_drv:0x00,d_drv:0x00,cs0_drv:0x00,hd_drv:0x00,wp_drv:0x00
mode:DIO, clock div:2
load:0x3fff0030,len:6384
load:0x40078000,len:15916
load:0x40080400,len:3920
entry 0x40080644
[0;32mI (27) boot: ESP-IDF v5.5.2-dirty 2nd stage bootloader[0m
[0;32mI (27) boot: compile time Mar  8 2026 20:23:34[0m
[0;32mI (27) boot: Multicore bootloader[0m
[0;32mI (29) boot: chip revision: v3.1[0m
[0;32mI (32) boot.esp32: SPI Speed      : 40MHz[0m
[0;32mI (36) boot.esp32: SPI Mode       : DIO[0m
[0;32mI (39) boot.esp32: SPI Flash Size : 2MB[0m
[0;32mI (43) boot: Enabling RNG early entropy source...[0m
[0;32mI (47) boot: Partition Table:[0m
[0;32mI (50) boot: ## Label            Usage          Type ST Offset   Length[0m
[0;32mI (56) boot:  0 nvs              WiFi data        01 02 00009000 00006000[0m
[0;32mI (63) boot:  1 phy_init         RF data          01 01 0000f000 00001000[0m
[0;32mI (69) boot:  2 factory          factory app      00 00 00010000 00100000[0m
[0;32mI (76) boot: End of partition table[0m
[0;32mI (79) esp_image: segment 0: paddr=00010020 vaddr=3f400020 size=0b1d4h ( 45524) map[0m
[0;32mI (102) esp_image: segment 1: paddr=0001b1fc vaddr=3ffb0000 size=02548h (  9544) load[0m
[0;32mI (106) esp_image: segment 2: paddr=0001d74c vaddr=40080000 size=028cch ( 10444) load[0m
[0;32mI (110) esp_image: segment 3: paddr=00020020 vaddr=400d0020 size=18214h ( 98836) map[0m
[0;32mI (147) esp_image: segment 4: paddr=0003823c vaddr=400828cc size=0bffch ( 49148) load[0m
[0;32mI (167) esp_image: segment 5: paddr=00044240 vaddr=50000000 size=00020h (    32) load[0m
[0;32mI (174) boot: Loaded app from partition at offset 0x10000[0m
[0;32mI (174) boot: Disabling RNG early entropy source...[0m
[0;32mI (185) cpu_start: Multicore app[0m
[0;32mI (193) cpu_start: GPIO 3 and 1 are used as console UART I/O pins[0m
[0;32mI (193) cpu_start: Pro cpu start user code[0m
[0;32mI (193) cpu_start: cpu freq: 160000000 Hz[0m
[0;32mI (195) app_init: Application information:[0m
[0;32mI (199) app_init: Project name:     esp32_gps[0m
[0;32mI (203) app_init: App version:      69caac2-dirty[0m
[0;32mI (207) app_init: Compile time:     Mar  8 2026 20:23:27[0m
[0;32mI (213) app_init: ELF file SHA256:  005fd5a5c...[0m
[0;32mI (217) app_init: ESP-IDF:          v5.5.2-dirty[0m
[0;32mI (221) efuse_init: Min chip rev:     v0.0[0m
[0;32mI (225) efuse_init: Max chip rev:     v3.99 [0m
[0;32mI (229) efuse_init: Chip rev:         v3.1[0m
[0;32mI (233) heap_init: Initializing. RAM available for dynamic allocation:[0m
[0;32mI (239) heap_init: At 3FFAE6E0 len 00001920 (6 KiB): DRAM[0m
[0;32mI (244) heap_init: At 3FFB2EE0 len 0002D120 (180 KiB): DRAM[0m
[0;32mI (249) heap_init: At 3FFE0440 len 00003AE0 (14 KiB): D/IRAM[0m
[0;32mI (255) heap_init: At 3FFE4350 len 0001BCB0 (111 KiB): D/IRAM[0m
[0;32mI (260) heap_init: At 4008E8C8 len 00011738 (69 KiB): IRAM[0m
[0;33mW (267) spi_flash: Detected boya flash chip but using generic driver. For optimal functionality, enable `SPI_FLASH_SUPPORT_BOYA_CHIP` in menuconfig[0m
[0;32mI (279) spi_flash: detected chip: generic[0m
[0;32mI (282) spi_flash: flash io: dio[0m
[0;33mW (285) spi_flash: Detected size(4096k) larger than the size in the binary image header(2048k). Using the size in the binary image header.[0m
[0;32mI (298) main_task: Started on CPU0[0m
[0;32mI (308) main_task: Calling app_main()[0m
[0;32mI (328) GPS: GPS task started[0m

***ERROR*** A stack overflow in task gps_task has been detected.


Backtrace: 0x40086199:0x3ffb57e0 0x40086161:0x3ffb5800 0x400870aa:0x3ffb5820 0x4008811f:0x3ffb58a0 0x400871b4:0x3ffb58c0 0x40087166:0xa5a5a5a5 |<-CORRUPTED




ELF file SHA256: 005fd5a5c

Rebooting...
ets Jul 29 2019 12:21:46

rst:0xc (SW_CPU_RESET),boot:0x13 (SPI_FAST_FLASH_BOOT)
configsip: 0, SPIWP:0xee
clk_drv:0x00,q_drv:0x00,d_drv:0x00,cs0_drv:0x00,hd_drv:0x00,wp_drv:0x00
mode:DIO, clock div:2
load:0x3fff0030,len:6384
load:0x40078000,len:15916
load:0x40080400,len:3920
entry 0x40080644
[0;32mI (27) boot: ESP-IDF v5.5.2-dirty 2nd stage bootloader[0m
[0;32mI (27) boot: compile time Mar  8 2026 20:23:34[0m
[0;32mI (27) boot: Multicore bootloader[0m
[0;32mI (29) boot: chip revision: v3.1[0m
[0;32mI (32) boot.esp32: SPI Speed      : 40MHz[0m
[0;32mI (36) boot.esp32: SPI Mode       : DIO[0m
[0;32mI (39) boot.esp32: SPI Flash Size : 2MB[0m
[0;32mI (43) boot: Enabling RNG early entropy source...[0m
[0;32mI (47) boot: Partition Table:[0m
[0;32mI (50) boot: ## Label            Usage          Type ST Offset   Length[0m
[0;32mI (56) boot:  0 nvs              WiFi data        01 02 00009000 00006000[0m
[0;32mI (63) boot:  1 phy_init         RF data          01 01 0000f000 00001000[0m
[0;32mI (69) boot:  2 factory          factory app      00 00 00010000 00100000[0m
[0;32mI (76) boot: End of partition table[0m
[0;32mI (79) esp_image: segment 0: paddr=00010020 vaddr=3f400020 size=0b1d4h ( 45524) map[0m
[0;32mI (102) esp_image: segment 1: paddr=0001b1fc vaddr=3ffb0000 size=02548h (  9544) load[0m
[0;32mI (106) esp_image: segment 2: paddr=0001d74c vaddr=40080000 size=028cch ( 10444) load[0m
[0;32mI (110) esp_image: segment 3: paddr=00020020 vaddr=400d0020 size=18214h ( 98836) map[0m
[0;32mI (147) esp_image: segment 4: paddr=0003823c vaddr=400828cc size=0bffch ( 49148) load[0m
[0;32mI (167) esp_image: segment 5: paddr=00044240 vaddr=50000000 size=00020h (    32) load[0m
[0;32mI (174) boot: Loaded app from partition at offset 0x10000[0m
[0;32mI (174) boot: Disabling RNG early entropy source...[0m
[0;32mI (185) cpu_start: Multicore app[0m
[0;32mI (193) cpu_start: GPIO 3 and 1 are used as console UART I/O pins[0m
[0;32mI (193) cpu_start: Pro cpu start user code[0m
[0;32mI (193) cpu_start: cpu freq: 160000000 Hz[0m
[0;32mI (195) app_init: Application information:[0m
[0;32mI (199) app_init: Project name:     esp32_gps[0m
[0;32mI (203) app_init: App version:      69caac2-dirty[0m
[0;32mI (207) app_init: Compile time:     Mar  8 2026 20:23:27[0m
[0;32mI (213) app_init: ELF file SHA256:  005fd5a5c...[0m
[0;32mI (217) app_init: ESP-IDF:          v5.5.2-dirty[0m
[0;32mI (221) efuse_init: Min chip rev:     v0.0[0m
[0;32mI (225) efuse_init: Max chip rev:     v3.99 [0m
[0;32mI (229) efuse_init: Chip rev:         v3.1[0m
[0;32mI (233) heap_init: Initializing. RAM available for dynamic allocation:[0m
[0;32mI (239) heap_init: At 3FFAE6E0 len 00001920 (6 KiB): DRAM[0m
[0;32mI (244) heap_init: At 3FFB2EE0 len 0002D120 (180 KiB): DRAM[0m
[0;32mI (249) heap_init: At 3FFE0440 len 00003AE0 (14 KiB): D/IRAM[0m
[0;32mI (255) heap_init: At 3FFE4350 len 0001BCB0 (111 KiB): D/IRAM[0m
[0;32mI (260) heap_init: At 4008E8C8 len 00011738 (69 KiB): IRAM[0m
[0;33mW (267) spi_flash: Detected boya flash chip but using generic driver. For optimal functionality, enable `SPI_FLASH_SUPPORT_BOYA_CHIP` in menuconfig[0m
[0;32mI (279) spi_flash: detected chip: generic[0m
[0;32mI (282) spi_flash: flash io: dio[0m
[0;33mW (285) spi_flash: Detected size(4096k) larger than the size in the binary image header(2048k). Using the size in the binary image header.[0m
[0;32mI (298) main_task: Started on CPU0[0m
[0;32mI (308) main_task: Calling app_main()[0m
[0;32mI (328) GPS: GPS task started[0m

***ERROR*** A stack overflow in task gps_task has been detected.


Backtrace: 0x40086199:0x3ffb57e0 0x40086161:0x3ffb5800 0x400870aa:0x3ffb5820 0x4008811f:0x3ffb58a0 0x400871b4:0x3ffb58c0 0x40087166:0xa5a5a5a5 |<-CORRUPTED




ELF file SHA256: 005fd5a5c

Rebooting...
ets Jul 29 2019 12:21:46

rst:0xc (SW_CPU_RESET),boot:0x13 (SPI_FAST_FLASH_BOOT)
configsip: 0, SPIWP:0xee
clk_drv:0x00,q_drv:0x00,d_drv:0x00,cs0_drv:0x00,hd_drv:0x00,wp_drv:0x00
mode:DIO, clock div:2
load:0x3fff0030,len:6384
load:0x40078000,len:15916
load:0x40080400,len:3920
entry 0x40080644
[0;32mI (27) boot: ESP-IDF v5.5.2-dirty 2nd stage bootloader[0m
[0;32mI (27) boot: compile time Mar  8 2026 20:23:34[0m
[0;32mI (27) boot: Multicore bootloader[0m
[0;32mI (29) boot: chip revision: v3.1[0m
[0;32mI (32) boot.esp32: SPI Speed      : 40MHz[0m
[0;32mI (36) boot.esp32: SPI Mode       : DIO[0m
[0;32mI (39) boot.esp32: SPI Flash Size : 2MB[0m
[0;32mI (43) boot: Enabling RNG early entropy source...[0m
[0;32mI (47) boot: Partition Table:[0m
[0;32mI (50) boot: ## Label            Usage          Type ST Offset   Length[0m
[0;32mI (56) boot:  0 nvs              WiFi data        01 02 00009000 00006000[0m
[0;32mI (63) boot:  1 phy_init         RF data          01 01 0000f000 00001000[0m
[0;32mI (69) boot:  2 factory          factory app      00 00 00010000 00100000[0m
[0;32mI (76) boot: End of partition table[0m
[0;32mI (79) esp_image: segment 0: paddr=00010020 vaddr=3f400020 size=0b1d4h ( 45524) map[0m
